
> finorbit@0.1.0 test
> jest buttons.test.tsx --verbose

node.exe : FAIL src/__tests__/buttons.test.tsx
At line:1 char:1
+ & "C:\Program Files\nodejs/node.exe" "C:\Program Files\nodejs/node_mo ...
+ ~~~~~~~~~~~~~~~~~~~~~~~~~~~~~~~~~~~~~~~~~~~~~~~~~~~~~~~~~~~~~~~~~~~~~
    + CategoryInfo          : NotSpecified: (FAIL src/__tests__/buttons.test 
   .tsx:String) [], RemoteException
    + FullyQualifiedErrorId : NativeCommandError
 
  Landing page ΓÇö signed out
    ├ù renders without crashing (281 ms)
    ├ù shows Sign In and Get Started buttons in nav (109 ms)
    ├ù shows Start Free Today button in hero (72 ms)
    ├ù clicking Sign In opens auth modal on signin tab (109 ms)
    ├ù clicking Get Started opens auth modal on signup tab (62 ms)
    ├ù clicking Start Free Today opens auth modal on signup tab (64 ms)
    ├ù modal closes when close button is clicked (61 ms)
    ΓêÜ does NOT show My Dashboard button when signed out (53 ms)
    ΓêÜ does NOT redirect when signed out (45 ms)
    ├ù pricing buttons open signup modal (109 ms)
    ├ù Get Started Free button opens signup modal (103 ms)
    ├ù segment tabs switch between Individuals, Businesses, Governments (177 
ms)
  Landing page ΓÇö signed in
    ├ù shows My Dashboard button instead of Get Started (86 ms)
    ΓêÜ shows Sign Out button (58 ms)
    ΓêÜ does NOT auto-redirect to dashboard on load (48 ms)
    ├ù clicking My Dashboard navigates to /dashboard (66 ms)
    ├ù hero shows Go to My Dashboard button when signed in (68 ms)
    ├ù clicking Go to My Dashboard navigates to /dashboard (66 ms)
    ΓêÜ does not show Sign In button when signed in (61 ms)
  Landing page ΓÇö onboarding incomplete
    ΓêÜ shows onboarding flow instead of landing page (1 ms)
    ΓêÜ does not show nav buttons during onboarding (1 ms)
  Landing page ΓÇö loading state
    ΓêÜ shows loading spinner while auth is loading (1 ms)
  AuthModal ΓÇö sign in tab
    ├ù renders sign in form by default (21 ms)
    ΓêÜ switches to signup tab when Create Account is clicked (16 ms)
    ΓêÜ shows error for empty email on sign in (17 ms)
    ΓêÜ shows error for missing password on sign in (31 ms)
    ΓêÜ calls supabase signIn with correct credentials (32 ms)
    ΓêÜ shows generic error on bad credentials (24 ms)
    ΓêÜ toggles password visibility (8 ms)
    ΓêÜ closes when backdrop is clicked (4 ms)
    ΓêÜ does not render when isOpen is false (1 ms)
  AuthModal ΓÇö sign up tab
    ΓêÜ renders signup form (8 ms)
    ΓêÜ shows error for missing first name (17 ms)
    ΓêÜ shows error for invalid email (31 ms)
    ΓêÜ shows error for weak password ΓÇö too short (32 ms)
    ΓêÜ shows error for password without uppercase (31 ms)
    ΓêÜ shows error for password without number (31 ms)
    ΓêÜ can select a plan (9 ms)
    ΓêÜ calls supabase signUp with correct data (24 ms)
    ΓêÜ shows success message after account creation (29 ms)
    ΓêÜ shows duplicate email error (45 ms)

  ΓùÅ Landing page ΓÇö signed out ΓÇ║ renders without crashing

    TestingLibraryElementError: Found multiple elements with the text: 
FinOrbit

    Here are the matching elements:

    Ignored nodes: comments, script, style
    [36m<div[39m
      [33mstyle[39m=[32m"font-size: 1.3rem; font-weight: 800; 
letter-spacing: -0.02em; background: linear-gradient(135deg,#e0f2fe 
0%,#38bdf8 55%,#2dd4bf 100%); -webkit-text-fill-color: transparent; 
background-clip: text;"[39m
    [36m>[39m
      [0mFinOrbit[0m
    [36m</div>[39m

    Ignored nodes: comments, script, style
    [36m<div[39m
      [33mstyle[39m=[32m"font-size: clamp(2rem,5vw,3.2rem); font-weight: 
800; letter-spacing: -0.04em; margin-bottom: 28px; position: relative; 
background: linear-gradient(135deg,#e0f2fe 0%,#38bdf8 55%,#2dd4bf 100%); 
-webkit-text-fill-color: transparent; background-clip: text;"[39m
    [36m>[39m
      [0mFinOrbit[0m
    [36m</div>[39m

    Ignored nodes: comments, script, style
    [36m<em[39m
      [33mstyle[39m=[32m"font-family: Instrument Serif, serif; 
font-style: italic; font-weight: 400; background: 
linear-gradient(135deg,#e0f2fe 0%,#38bdf8 55%,#2dd4bf 100%); 
-webkit-text-fill-color: transparent; background-clip: text;"[39m
    [36m>[39m
      [0mFinOrbit[0m
    [36m</em>[39m

    Ignored nodes: comments, script, style
    [36m<div[39m
      [33mstyle[39m=[32m"font-size: 1.4rem; font-weight: 800; 
letter-spacing: -0.03em; background: linear-gradient(135deg,#e0f2fe 
0%,#38bdf8 55%,#2dd4bf 100%); -webkit-text-fill-color: transparent; 
background-clip: text;"[39m
    [36m>[39m
      [0mFinOrbit[0m
    [36m</div>[39m

    (If this is intentional, then use the `*AllBy*` variant of the query 
(like `queryAllByText`, `getAllByText`, or `findAllByText`)).

    Ignored nodes: comments, script, style
    [36m<body>[39m
      [36m<div>[39m
        [36m<nav[39m
          [33mstyle[39m=[32m"position: fixed; top: 0px; left: 0px; right: 
0px; z-index: 200; display: flex; align-items: center; justify-content: 
space-between; padding: 18px 60px; background: 
linear-gradient(180deg,rgba(3,7,18,.97) 0%,transparent 100%); border-bottom: 
1px solid transparent; transition: all .3s;"[39m
        [36m>[39m
          [36m<div[39m
            [33mstyle[39m=[32m"font-size: 1.3rem; font-weight: 800; 
letter-spacing: -0.02em; background: linear-gradient(135deg,#e0f2fe 
0%,#38bdf8 55%,#2dd4bf 100%); -webkit-text-fill-color: transparent; 
background-clip: text;"[39m
          [36m>[39m
            [0mFinOrbit[0m
          [36m</div>[39m
          [36m<ul[39m
            [33mstyle[39m=[32m"display: flex; gap: 34px; align-items: 
center; list-style: none;"[39m
          [36m>[39m
            [36m<li>[39m
              [36m<a[39m
                [33mhref[39m=[32m"#how"[39m
                [33mstyle[39m=[32m"color: rgb(148, 168, 200); 
text-decoration: none; font-size: 0.8rem; font-weight: 600; letter-spacing: 
0.06em; text-transform: uppercase;"[39m
              [36m>[39m
                [0mHow It Works[0m
              [36m</a>[39m
            [36m</li>[39m
            [36m<li>[39m
              [36m<a[39m
                [33mhref[39m=[32m"#features"[39m
                [33mstyle[39m=[32m"color: rgb(148, 168, 200); 
text-decoration: none; font-size: 0.8rem; font-weight: 600; letter-spacing: 
0.06em; text-transform: uppercase;"[39m
              [36m>[39m
                [0mFeatures[0m
              [36m</a>[39m
            [36m</li>[39m
            [36m<li>[39m
              [36m<a[39m
                [33mhref[39m=[32m"#segments"[39m
                [33mstyle[39m=[32m"color: rgb(148, 168, 200); 
text-decoration: none; font-size: 0.8rem; font-weight: 600; letter-spacing: 
0.06em; text-transform: uppercase;"[39m
              [36m>[39m
                [0mFor You[0m
              [36m</a>[39m
            [36m</li>[39m
            [36m<li>[39m
              [36m<a[39m
                [33mhref[39m=[32m"#pricing"[39m
                [33mstyle[39m=[32m"color: rgb(148, 168, 200); 
text-decoration: none; font-size: 0.8rem; font-weight: 600; letter-spacing: 
0.06em; text-transform: uppercase;"[39m
              [36m>[39m
                [0mPricing[0m
              [36m</a>[39m
            [36m</li>[39m
          [36m</ul>[39m
          [36m<div[39m
            [33mstyle[39m=[32m"display: flex; gap: 10px;"[39m
          [36m>[39m
            [36m<button[39m
              [33mstyle[39m=[32m"background: transparent; color: rgb(238, 
242, 252); padding: 9px 20px; border-radius: 5px; font-size: 0.82rem; 
font-weight: 700; border: 1px solid rgba(56, 189, 248, 0.15); cursor: 
pointer; font-family: inherit;"[39m
            [36m>[39m
              [0mSign In[0m
            [36m</button>[39m
            [36m<button[39m
              [33mstyle[39m=[32m"background: 
linear-gradient(135deg,#e0f2fe 0%,#38bdf8 55%,#2dd4bf 100%); color: rgb(2, 
13, 26); padding: 9px 22px; border-radius: 5px; font-size: 0.82rem; 
font-weight: 800; cursor: pointer; font-family: inherit; box-shadow: 0 0 
20px rgba(34,211,238,0.2);"[39m
            [36m>[39m
              [0mGet Started ΓåÆ[0m
            [36m</button>[39m
          [36m</div>[39m
        [36m</nav>[39m
        [36m<section[39m
          [33mstyle[39m=[32m"min-height: 100vh; display: flex; 
flex-direction: column; align-items: center; justify-content: center; 
text-align: center; padding: 140px 40px 80px; position: relative; overflow: 
hidden; background: rgb(4, 12, 26);"[39m
        [36m>[39m
          [36m<div[39m
            [33mstyle[39m=[32m"position: absolute; inset: 0; background: 
radial-gradient(ellipse 70% 55% at 50% -5%,rgba(34,211,238,.12) 
0%,transparent 65%), radial-gradient(ellipse 50% 40% at 80% 
85%,rgba(45,212,191,.06) 0%,transparent 55%); pointer-events: none;"[39m
          [36m/>[39m
          [36m<div[39m
            [33mstyle[39m=[32m"position: absolute; width: 380px; height: 
380px; border-radius: 50%; border: 1px solid rgba(34, 211, 238, 0.08); 
animation: ring-spin 28s linear infinite; pointer-events: none;"[39m
          [36m>[39m
            [36m<div[39m
              [33mstyle[39m=[32m"position: absolute; width: 6px; height: 
6px; border-radius: 50%; background: rgb(34, 211, 238); top: -3px; left: 
50%; transform: translateX(-50%); box-shadow: 0 0 12px #22d3ee;"[39m
            [36m/>[39m
          [36m</div>[39m
          [36m<div[39m
            [33mstyle[39m=[32m"position: absolute; width: 600px; height: 
600px; border-radius: 50%; border: 1px solid rgba(56, 189, 248, 0.05); 
animation: ring-spin 48s linear infinite reverse; pointer-events: none;"[39m
          [36m>[39m
            [36m<div[39m
              [33mstyle[39m=[32m"position: absolute; width: 6px; height: 
6px; border-radius: 50%; background: rgb(45, 212, 191); top: -3px; left: 
50%; transform: translateX(-50%); box-shadow: 0 0 12px #2dd4bf;"[39m
            [36m/>[39m
          [36m</div>[39m
          [36m<div[39m
            [33mstyle[39m=[32m"position: absolute; width: 860px; height: 
860px; border-radius: 50%; border: 1px solid rgba(56, 189, 248, 0.04); 
animation: ring-spin 68s linear infinite; pointer-events: none;"[39m
          [36m/>[39m
          [36m<div[39m
            [33mstyle[39m=[32m"position: absolute; width: 1120px; height: 
1120px; border-radius: 50%; border: 1px solid rgba(45, 212, 191, 0.04); 
animation: ring-spin 88s linear infinite reverse; pointer-events: none;"[39m
          [36m/>[39m
          [36m<div[39m
            [33mstyle[39m=[32m"font-size: clamp(2rem,5vw,3.2rem); 
font-weight: 800; letter-spacing: -0.04em; margin-bottom: 28px; position: 
relative; background: linear-gradient(135deg,#e0f2fe 0%,#38bdf8 55%,#2dd4bf 
100%); -webkit-text-fill-color: transparent; background-clip: text;"[39m
          [36m>[39m
            [0mFinOrbit[0m
          [36m</div>[39m
          [36m<div[39m
            [33mstyle[39m=[32m"display: inline-flex; align-items: center; 
gap: 8px; background: rgba(34, 211, 238, 0.08); border: 1px solid rgba(34, 
211, 238, 0.22); border-radius: 100px; padding: 6px 18px; font-size: 0.7rem; 
font-family: DM Mono, monospace; color: rgb(34, 211, 238); letter-spacing: 
0.1em; text-transform: uppercase; margin-bottom: 32px; position: 
relative;"[39m
          [36m>[39m
            [36m<span[39m
              [33mstyle[39m=[32m"width: 6px; height: 6px; background: 
rgb(34, 211, 238); border-radius: 50%; animation: pulse-brand 2s ease 
infinite;"[39m
            [36m/>[39m
            [0mAutonomous Financial OS ┬╖ Now in Private Beta[0m
          [36m</div>[39m
          [36m<h1[39m
            [33mstyle[39m=[32m"font-size: clamp(3rem,7vw,6.5rem); 
font-weight: 800; line-height: 1; letter-spacing: -0.04em; max-width: 900px; 
margin: 0px auto 12px; position: relative;"[39m
          [36m>[39m
            [0mYour money,[0m
            [36m<br />[39m
            [36m<span[39m
              [33mstyle[39m=[32m"font-family: Instrument Serif, serif; 
font-style: italic; font-weight: 400; background: 
linear-gradient(135deg,#e0f2fe 0%,#38bdf8 55%,#2dd4...

    [0m [90m 91 |[39m   it([32m'renders without 
crashing'[39m[33m,[39m () [33m=>[39m {
     [90m 92 |[39m     render([33m<[39m[33mHome[39m 
[33m/[39m[33m>[39m)
    [31m[1m>[22m[39m[90m 93 |[39m     expect(screen[33m.[39mgetByText
([32m'FinOrbit'[39m))[33m.[39mtoBeInTheDocument()
     [90m    |[39m                   [31m[1m^[22m[39m
     [90m 94 |[39m   })
     [90m 95 |[39m
     [90m 96 |[39m   it([32m'shows Sign In and Get Started buttons in 
nav'[39m[33m,[39m () [33m=>[39m {[0m

      at Object.getElementError 
(node_modules/@testing-library/dom/dist/config.js:37:19)
      at getElementError 
(node_modules/@testing-library/dom/dist/query-helpers.js:20:35)
      at getMultipleElementsFoundError 
(node_modules/@testing-library/dom/dist/query-helpers.js:23:10)
      at node_modules/@testing-library/dom/dist/query-helpers.js:55:13
      at node_modules/@testing-library/dom/dist/query-helpers.js:95:19
      at Object.<anonymous> (src/__tests__/buttons.test.tsx:93:19)

  ΓùÅ Landing page ΓÇö signed out ΓÇ║ shows Sign In and Get Started buttons 
in nav

    TestingLibraryElementError: Found multiple elements with the role 
"button" and name `/sign in/i`

    Here are the matching elements:

    Ignored nodes: comments, script, style
    [36m<button[39m
      [33mstyle[39m=[32m"background: transparent; color: rgb(238, 242, 
252); padding: 9px 20px; border-radius: 5px; font-size: 0.82rem; 
font-weight: 700; border: 1px solid rgba(56, 189, 248, 0.15); cursor: 
pointer; font-family: inherit;"[39m
    [36m>[39m
      [0mSign In[0m
    [36m</button>[39m

    Ignored nodes: comments, script, style
    [36m<button[39m
      [33mstyle[39m=[32m"background: transparent; color: rgb(238, 242, 
252); padding: 14px 32px; border-radius: 6px; font-size: 0.88rem; 
font-weight: 600; border: 1px solid rgba(56, 189, 248, 0.2); cursor: 
pointer; font-family: inherit;"[39m
    [36m>[39m
      [0mSign In[0m
    [36m</button>[39m

    (If this is intentional, then use the `*AllBy*` variant of the query 
(like `queryAllByText`, `getAllByText`, or `findAllByText`)).

    Ignored nodes: comments, script, style
    [36m<body>[39m
      [36m<div>[39m
        [36m<nav[39m
          [33mstyle[39m=[32m"position: fixed; top: 0px; left: 0px; right: 
0px; z-index: 200; display: flex; align-items: center; justify-content: 
space-between; padding: 18px 60px; background: 
linear-gradient(180deg,rgba(3,7,18,.97) 0%,transparent 100%); border-bottom: 
1px solid transparent; transition: all .3s;"[39m
        [36m>[39m
          [36m<div[39m
            [33mstyle[39m=[32m"font-size: 1.3rem; font-weight: 800; 
letter-spacing: -0.02em; background: linear-gradient(135deg,#e0f2fe 
0%,#38bdf8 55%,#2dd4bf 100%); -webkit-text-fill-color: transparent; 
background-clip: text;"[39m
          [36m>[39m
            [0mFinOrbit[0m
          [36m</div>[39m
          [36m<ul[39m
            [33mstyle[39m=[32m"display: flex; gap: 34px; align-items: 
center; list-style: none;"[39m
          [36m>[39m
            [36m<li>[39m
              [36m<a[39m
                [33mhref[39m=[32m"#how"[39m
                [33mstyle[39m=[32m"color: rgb(148, 168, 200); 
text-decoration: none; font-size: 0.8rem; font-weight: 600; letter-spacing: 
0.06em; text-transform: uppercase;"[39m
              [36m>[39m
                [0mHow It Works[0m
              [36m</a>[39m
            [36m</li>[39m
            [36m<li>[39m
              [36m<a[39m
                [33mhref[39m=[32m"#features"[39m
                [33mstyle[39m=[32m"color: rgb(148, 168, 200); 
text-decoration: none; font-size: 0.8rem; font-weight: 600; letter-spacing: 
0.06em; text-transform: uppercase;"[39m
              [36m>[39m
                [0mFeatures[0m
              [36m</a>[39m
            [36m</li>[39m
            [36m<li>[39m
              [36m<a[39m
                [33mhref[39m=[32m"#segments"[39m
                [33mstyle[39m=[32m"color: rgb(148, 168, 200); 
text-decoration: none; font-size: 0.8rem; font-weight: 600; letter-spacing: 
0.06em; text-transform: uppercase;"[39m
              [36m>[39m
                [0mFor You[0m
              [36m</a>[39m
            [36m</li>[39m
            [36m<li>[39m
              [36m<a[39m
                [33mhref[39m=[32m"#pricing"[39m
                [33mstyle[39m=[32m"color: rgb(148, 168, 200); 
text-decoration: none; font-size: 0.8rem; font-weight: 600; letter-spacing: 
0.06em; text-transform: uppercase;"[39m
              [36m>[39m
                [0mPricing[0m
              [36m</a>[39m
            [36m</li>[39m
          [36m</ul>[39m
          [36m<div[39m
            [33mstyle[39m=[32m"display: flex; gap: 10px;"[39m
          [36m>[39m
            [36m<button[39m
              [33mstyle[39m=[32m"background: transparent; color: rgb(238, 
242, 252); padding: 9px 20px; border-radius: 5px; font-size: 0.82rem; 
font-weight: 700; border: 1px solid rgba(56, 189, 248, 0.15); cursor: 
pointer; font-family: inherit;"[39m
            [36m>[39m
              [0mSign In[0m
            [36m</button>[39m
            [36m<button[39m
              [33mstyle[39m=[32m"background: 
linear-gradient(135deg,#e0f2fe 0%,#38bdf8 55%,#2dd4bf 100%); color: rgb(2, 
13, 26); padding: 9px 22px; border-radius: 5px; font-size: 0.82rem; 
font-weight: 800; cursor: pointer; font-family: inherit; box-shadow: 0 0 
20px rgba(34,211,238,0.2);"[39m
            [36m>[39m
              [0mGet Started ΓåÆ[0m
            [36m</button>[39m
          [36m</div>[39m
        [36m</nav>[39m
        [36m<section[39m
          [33mstyle[39m=[32m"min-height: 100vh; display: flex; 
flex-direction: column; align-items: center; justify-content: center; 
text-align: center; padding: 140px 40px 80px; position: relative; overflow: 
hidden; background: rgb(4, 12, 26);"[39m
        [36m>[39m
          [36m<div[39m
            [33mstyle[39m=[32m"position: absolute; inset: 0; background: 
radial-gradient(ellipse 70% 55% at 50% -5%,rgba(34,211,238,.12) 
0%,transparent 65%), radial-gradient(ellipse 50% 40% at 80% 
85%,rgba(45,212,191,.06) 0%,transparent 55%); pointer-events: none;"[39m
          [36m/>[39m
          [36m<div[39m
            [33mstyle[39m=[32m"position: absolute; width: 380px; height: 
380px; border-radius: 50%; border: 1px solid rgba(34, 211, 238, 0.08); 
animation: ring-spin 28s linear infinite; pointer-events: none;"[39m
          [36m>[39m
            [36m<div[39m
              [33mstyle[39m=[32m"position: absolute; width: 6px; height: 
6px; border-radius: 50%; background: rgb(34, 211, 238); top: -3px; left: 
50%; transform: translateX(-50%); box-shadow: 0 0 12px #22d3ee;"[39m
            [36m/>[39m
          [36m</div>[39m
          [36m<div[39m
            [33mstyle[39m=[32m"position: absolute; width: 600px; height: 
600px; border-radius: 50%; border: 1px solid rgba(56, 189, 248, 0.05); 
animation: ring-spin 48s linear infinite reverse; pointer-events: none;"[39m
          [36m>[39m
            [36m<div[39m
              [33mstyle[39m=[32m"position: absolute; width: 6px; height: 
6px; border-radius: 50%; background: rgb(45, 212, 191); top: -3px; left: 
50%; transform: translateX(-50%); box-shadow: 0 0 12px #2dd4bf;"[39m
            [36m/>[39m
          [36m</div>[39m
          [36m<div[39m
            [33mstyle[39m=[32m"position: absolute; width: 860px; height: 
860px; border-radius: 50%; border: 1px solid rgba(56, 189, 248, 0.04); 
animation: ring-spin 68s linear infinite; pointer-events: none;"[39m
          [36m/>[39m
          [36m<div[39m
            [33mstyle[39m=[32m"position: absolute; width: 1120px; height: 
1120px; border-radius: 50%; border: 1px solid rgba(45, 212, 191, 0.04); 
animation: ring-spin 88s linear infinite reverse; pointer-events: none;"[39m
          [36m/>[39m
          [36m<div[39m
            [33mstyle[39m=[32m"font-size: clamp(2rem,5vw,3.2rem); 
font-weight: 800; letter-spacing: -0.04em; margin-bottom: 28px; position: 
relative; background: linear-gradient(135deg,#e0f2fe 0%,#38bdf8 55%,#2dd4bf 
100%); -webkit-text-fill-color: transparent; background-clip: text;"[39m
          [36m>[39m
            [0mFinOrbit[0m
          [36m</div>[39m
          [36m<div[39m
            [33mstyle[39m=[32m"display: inline-flex; align-items: center; 
gap: 8px; background: rgba(34, 211, 238, 0.08); border: 1px solid rgba(34, 
211, 238, 0.22); border-radius: 100px; padding: 6px 18px; font-size: 0.7rem; 
font-family: DM Mono, monospace; color: rgb(34, 211, 238); letter-spacing: 
0.1em; text-transform: uppercase; margin-bottom: 32px; position: 
relative;"[39m
          [36m>[39m
            [36m<span[39m
              [33mstyle[39m=[32m"width: 6px; height: 6px; background: 
rgb(34, 211, 238); border-radius: 50%; animation: pulse-brand 2s ease 
infinite;"[39m
            [36m/>[39m
            [0mAutonomous Financial OS ┬╖ Now in Private Beta[0m
          [36m</div>[39m
          [36m<h1[39m
            [33mstyle[39m=[32m"font-size: clamp(3rem,7vw,6.5rem); 
font-weight: 800; line-height: 1; letter-spacing: -0.04em; max-width: 900px; 
margin: 0px auto 12px; position: relative;"[39m
          [36m>[39m
            [0mYour money,[0m
            [36m<br />[39m
            [36m<span[39m
              [33mstyle[39m=[32m"font-family: Instrument Serif, serif; 
font-style: italic; font-weight: 400; background: 
linear-gradient(135deg,#e0f2fe 0%,#38bdf8 55%,#2dd4...

    [0m [90m  96 |[39m   it([32m'shows Sign In and Get Started buttons 
in nav'[39m[33m,[39m () [33m=>[39m {
     [90m  97 |[39m     render([33m<[39m[33mHome[39m 
[33m/[39m[33m>[39m)
    [31m[1m>[22m[39m[90m  98 |[39m     
expect(screen[33m.[39mgetByRole([32m'button'[39m[33m,[39m { 
name[33m:[39m [35m/sign in/i[39m }))[33m.[39mtoBeInTheDocument()
     [90m     |[39m                   [31m[1m^[22m[39m
     [90m  99 |[39m     
expect(screen[33m.[39mgetByRole([32m'button'[39m[33m,[39m { 
name[33m:[39m [35m/get started/i[39m }))[33m.[39mtoBeInTheDocument()
     [90m 100 |[39m   })
     [90m 101 |[39m[0m

      at Object.getElementError 
(node_modules/@testing-library/dom/dist/config.js:37:19)
      at getElementError 
(node_modules/@testing-library/dom/dist/query-helpers.js:20:35)
      at getMultipleElementsFoundError 
(node_modules/@testing-library/dom/dist/query-helpers.js:23:10)
      at node_modules/@testing-library/dom/dist/query-helpers.js:55:13
      at node_modules/@testing-library/dom/dist/query-helpers.js:95:19
      at Object.<anonymous> (src/__tests__/buttons.test.tsx:98:19)

  ΓùÅ Landing page ΓÇö signed out ΓÇ║ shows Start Free Today button in hero

    TestingLibraryElementError: Found multiple elements with the role 
"button" and name `/start free today/i`

    Here are the matching elements:

    Ignored nodes: comments, script, style
    [36m<button[39m
      [33mstyle[39m=[32m"background: linear-gradient(135deg,#e0f2fe 
0%,#38bdf8 55%,#2dd4bf 100%); color: rgb(2, 13, 26); padding: 15px 36px; 
border-radius: 6px; font-size: 0.88rem; font-weight: 800; letter-spacing: 
0.05em; text-transform: uppercase; cursor: pointer; font-family: inherit; 
box-shadow: 0 8px 30px rgba(34,211,238,0.25);"[39m
    [36m>[39m
      [0mStart Free Today ΓåÆ[0m
    [36m</button>[39m

    Ignored nodes: comments, script, style
    [36m<button[39m
      [33mstyle[39m=[32m"background: linear-gradient(135deg,#e0f2fe 
0%,#38bdf8 55%,#2dd4bf 100%); color: rgb(2, 13, 26); padding: 15px 36px; 
border-radius: 6px; font-size: 0.88rem; font-weight: 800; letter-spacing: 
0.05em; text-transform: uppercase; cursor: pointer; font-family: inherit; 
box-shadow: 0 8px 30px rgba(34,211,238,0.25);"[39m
    [36m>[39m
      [0mStart Free Today ΓåÆ[0m
    [36m</button>[39m

    (If this is intentional, then use the `*AllBy*` variant of the query 
(like `queryAllByText`, `getAllByText`, or `findAllByText`)).

    Ignored nodes: comments, script, style
    [36m<body>[39m
      [36m<div>[39m
        [36m<nav[39m
          [33mstyle[39m=[32m"position: fixed; top: 0px; left: 0px; right: 
0px; z-index: 200; display: flex; align-items: center; justify-content: 
space-between; padding: 18px 60px; background: 
linear-gradient(180deg,rgba(3,7,18,.97) 0%,transparent 100%); border-bottom: 
1px solid transparent; transition: all .3s;"[39m
        [36m>[39m
          [36m<div[39m
            [33mstyle[39m=[32m"font-size: 1.3rem; font-weight: 800; 
letter-spacing: -0.02em; background: linear-gradient(135deg,#e0f2fe 
0%,#38bdf8 55%,#2dd4bf 100%); -webkit-text-fill-color: transparent; 
background-clip: text;"[39m
          [36m>[39m
            [0mFinOrbit[0m
          [36m</div>[39m
          [36m<ul[39m
            [33mstyle[39m=[32m"display: flex; gap: 34px; align-items: 
center; list-style: none;"[39m
          [36m>[39m
            [36m<li>[39m
              [36m<a[39m
                [33mhref[39m=[32m"#how"[39m
                [33mstyle[39m=[32m"color: rgb(148, 168, 200); 
text-decoration: none; font-size: 0.8rem; font-weight: 600; letter-spacing: 
0.06em; text-transform: uppercase;"[39m
              [36m>[39m
                [0mHow It Works[0m
              [36m</a>[39m
            [36m</li>[39m
            [36m<li>[39m
              [36m<a[39m
                [33mhref[39m=[32m"#features"[39m
                [33mstyle[39m=[32m"color: rgb(148, 168, 200); 
text-decoration: none; font-size: 0.8rem; font-weight: 600; letter-spacing: 
0.06em; text-transform: uppercase;"[39m
              [36m>[39m
                [0mFeatures[0m
              [36m</a>[39m
            [36m</li>[39m
            [36m<li>[39m
              [36m<a[39m
                [33mhref[39m=[32m"#segments"[39m
                [33mstyle[39m=[32m"color: rgb(148, 168, 200); 
text-decoration: none; font-size: 0.8rem; font-weight: 600; letter-spacing: 
0.06em; text-transform: uppercase;"[39m
              [36m>[39m
                [0mFor You[0m
              [36m</a>[39m
            [36m</li>[39m
            [36m<li>[39m
              [36m<a[39m
                [33mhref[39m=[32m"#pricing"[39m
                [33mstyle[39m=[32m"color: rgb(148, 168, 200); 
text-decoration: none; font-size: 0.8rem; font-weight: 600; letter-spacing: 
0.06em; text-transform: uppercase;"[39m
              [36m>[39m
                [0mPricing[0m
              [36m</a>[39m
            [36m</li>[39m
          [36m</ul>[39m
          [36m<div[39m
            [33mstyle[39m=[32m"display: flex; gap: 10px;"[39m
          [36m>[39m
            [36m<button[39m
              [33mstyle[39m=[32m"background: transparent; color: rgb(238, 
242, 252); padding: 9px 20px; border-radius: 5px; font-size: 0.82rem; 
font-weight: 700; border: 1px solid rgba(56, 189, 248, 0.15); cursor: 
pointer; font-family: inherit;"[39m
            [36m>[39m
              [0mSign In[0m
            [36m</button>[39m
            [36m<button[39m
              [33mstyle[39m=[32m"background: 
linear-gradient(135deg,#e0f2fe 0%,#38bdf8 55%,#2dd4bf 100%); color: rgb(2, 
13, 26); padding: 9px 22px; border-radius: 5px; font-size: 0.82rem; 
font-weight: 800; cursor: pointer; font-family: inherit; box-shadow: 0 0 
20px rgba(34,211,238,0.2);"[39m
            [36m>[39m
              [0mGet Started ΓåÆ[0m
            [36m</button>[39m
          [36m</div>[39m
        [36m</nav>[39m
        [36m<section[39m
          [33mstyle[39m=[32m"min-height: 100vh; display: flex; 
flex-direction: column; align-items: center; justify-content: center; 
text-align: center; padding: 140px 40px 80px; position: relative; overflow: 
hidden; background: rgb(4, 12, 26);"[39m
        [36m>[39m
          [36m<div[39m
            [33mstyle[39m=[32m"position: absolute; inset: 0; background: 
radial-gradient(ellipse 70% 55% at 50% -5%,rgba(34,211,238,.12) 
0%,transparent 65%), radial-gradient(ellipse 50% 40% at 80% 
85%,rgba(45,212,191,.06) 0%,transparent 55%); pointer-events: none;"[39m
          [36m/>[39m
          [36m<div[39m
            [33mstyle[39m=[32m"position: absolute; width: 380px; height: 
380px; border-radius: 50%; border: 1px solid rgba(34, 211, 238, 0.08); 
animation: ring-spin 28s linear infinite; pointer-events: none;"[39m
          [36m>[39m
            [36m<div[39m
              [33mstyle[39m=[32m"position: absolute; width: 6px; height: 
6px; border-radius: 50%; background: rgb(34, 211, 238); top: -3px; left: 
50%; transform: translateX(-50%); box-shadow: 0 0 12px #22d3ee;"[39m
            [36m/>[39m
          [36m</div>[39m
          [36m<div[39m
            [33mstyle[39m=[32m"position: absolute; width: 600px; height: 
600px; border-radius: 50%; border: 1px solid rgba(56, 189, 248, 0.05); 
animation: ring-spin 48s linear infinite reverse; pointer-events: none;"[39m
          [36m>[39m
            [36m<div[39m
              [33mstyle[39m=[32m"position: absolute; width: 6px; height: 
6px; border-radius: 50%; background: rgb(45, 212, 191); top: -3px; left: 
50%; transform: translateX(-50%); box-shadow: 0 0 12px #2dd4bf;"[39m
            [36m/>[39m
          [36m</div>[39m
          [36m<div[39m
            [33mstyle[39m=[32m"position: absolute; width: 860px; height: 
860px; border-radius: 50%; border: 1px solid rgba(56, 189, 248, 0.04); 
animation: ring-spin 68s linear infinite; pointer-events: none;"[39m
          [36m/>[39m
          [36m<div[39m
            [33mstyle[39m=[32m"position: absolute; width: 1120px; height: 
1120px; border-radius: 50%; border: 1px solid rgba(45, 212, 191, 0.04); 
animation: ring-spin 88s linear infinite reverse; pointer-events: none;"[39m
          [36m/>[39m
          [36m<div[39m
            [33mstyle[39m=[32m"font-size: clamp(2rem,5vw,3.2rem); 
font-weight: 800; letter-spacing: -0.04em; margin-bottom: 28px; position: 
relative; background: linear-gradient(135deg,#e0f2fe 0%,#38bdf8 55%,#2dd4bf 
100%); -webkit-text-fill-color: transparent; background-clip: text;"[39m
          [36m>[39m
            [0mFinOrbit[0m
          [36m</div>[39m
          [36m<div[39m
            [33mstyle[39m=[32m"display: inline-flex; align-items: center; 
gap: 8px; background: rgba(34, 211, 238, 0.08); border: 1px solid rgba(34, 
211, 238, 0.22); border-radius: 100px; padding: 6px 18px; font-size: 0.7rem; 
font-family: DM Mono, monospace; color: rgb(34, 211, 238); letter-spacing: 
0.1em; text-transform: uppercase; margin-bottom: 32px; position: 
relative;"[39m
          [36m>[39m
            [36m<span[39m
              [33mstyle[39m=[32m"width: 6px; height: 6px; background: 
rgb(34, 211, 238); border-radius: 50%; animation: pulse-brand 2s ease 
infinite;"[39m
            [36m/>[39m
            [0mAutonomous Financial OS ┬╖ Now in Private Beta[0m
          [36m</div>[39m
          [36m<h1[39m
            [33mstyle[39m=[32m"font-size: clamp(3rem,7vw,6.5rem); 
font-weight: 800; line-height: 1; letter-spacing: -0.04em; max-width: 900px; 
margin: 0px auto 12px; position: relative;"[39m
          [36m>[39m
            [0mYour money,[0m
            [36m<br />[39m
            [36m<span[39m
              [33mstyle[39m=[32m"font-family: Instrument Serif, serif; 
font-style: italic; font-weight: 400; background: 
linear-gradient(135deg,#e0f2fe 0%,#38bdf8 55%,#2dd4...

    [0m [90m 102 |[39m   it([32m'shows Start Free Today button in 
hero'[39m[33m,[39m () [33m=>[39m {
     [90m 103 |[39m     render([33m<[39m[33mHome[39m 
[33m/[39m[33m>[39m)
    [31m[1m>[22m[39m[90m 104 |[39m     
expect(screen[33m.[39mgetByRole([32m'button'[39m[33m,[39m { 
name[33m:[39m [35m/start free today/i[39m 
}))[33m.[39mtoBeInTheDocument()
     [90m     |[39m                   [31m[1m^[22m[39m
     [90m 105 |[39m   })
     [90m 106 |[39m
     [90m 107 |[39m   it([32m'clicking Sign In opens auth modal on signin 
tab'[39m[33m,[39m () [33m=>[39m {[0m

      at Object.getElementError 
(node_modules/@testing-library/dom/dist/config.js:37:19)
      at getElementError 
(node_modules/@testing-library/dom/dist/query-helpers.js:20:35)
      at getMultipleElementsFoundError 
(node_modules/@testing-library/dom/dist/query-helpers.js:23:10)
      at node_modules/@testing-library/dom/dist/query-helpers.js:55:13
      at node_modules/@testing-library/dom/dist/query-helpers.js:95:19
      at Object.<anonymous> (src/__tests__/buttons.test.tsx:104:19)

  ΓùÅ Landing page ΓÇö signed out ΓÇ║ clicking Sign In opens auth modal on 
signin tab

    TestingLibraryElementError: Found multiple elements with the role 
"button" and name `/sign in/i`

    Here are the matching elements:

    Ignored nodes: comments, script, style
    [36m<button[39m
      [33mstyle[39m=[32m"background: transparent; color: rgb(238, 242, 
252); padding: 9px 20px; border-radius: 5px; font-size: 0.82rem; 
font-weight: 700; border: 1px solid rgba(56, 189, 248, 0.15); cursor: 
pointer; font-family: inherit;"[39m
    [36m>[39m
      [0mSign In[0m
    [36m</button>[39m

    Ignored nodes: comments, script, style
    [36m<button[39m
      [33mstyle[39m=[32m"background: transparent; color: rgb(238, 242, 
252); padding: 14px 32px; border-radius: 6px; font-size: 0.88rem; 
font-weight: 600; border: 1px solid rgba(56, 189, 248, 0.2); cursor: 
pointer; font-family: inherit;"[39m
    [36m>[39m
      [0mSign In[0m
    [36m</button>[39m

    (If this is intentional, then use the `*AllBy*` variant of the query 
(like `queryAllByText`, `getAllByText`, or `findAllByText`)).

    Ignored nodes: comments, script, style
    [36m<body>[39m
      [36m<div>[39m
        [36m<nav[39m
          [33mstyle[39m=[32m"position: fixed; top: 0px; left: 0px; right: 
0px; z-index: 200; display: flex; align-items: center; justify-content: 
space-between; padding: 18px 60px; background: 
linear-gradient(180deg,rgba(3,7,18,.97) 0%,transparent 100%); border-bottom: 
1px solid transparent; transition: all .3s;"[39m
        [36m>[39m
          [36m<div[39m
            [33mstyle[39m=[32m"font-size: 1.3rem; font-weight: 800; 
letter-spacing: -0.02em; background: linear-gradient(135deg,#e0f2fe 
0%,#38bdf8 55%,#2dd4bf 100%); -webkit-text-fill-color: transparent; 
background-clip: text;"[39m
          [36m>[39m
            [0mFinOrbit[0m
          [36m</div>[39m
          [36m<ul[39m
            [33mstyle[39m=[32m"display: flex; gap: 34px; align-items: 
center; list-style: none;"[39m
          [36m>[39m
            [36m<li>[39m
              [36m<a[39m
                [33mhref[39m=[32m"#how"[39m
                [33mstyle[39m=[32m"color: rgb(148, 168, 200); 
text-decoration: none; font-size: 0.8rem; font-weight: 600; letter-spacing: 
0.06em; text-transform: uppercase;"[39m
              [36m>[39m
                [0mHow It Works[0m
              [36m</a>[39m
            [36m</li>[39m
            [36m<li>[39m
              [36m<a[39m
                [33mhref[39m=[32m"#features"[39m
                [33mstyle[39m=[32m"color: rgb(148, 168, 200); 
text-decoration: none; font-size: 0.8rem; font-weight: 600; letter-spacing: 
0.06em; text-transform: uppercase;"[39m
              [36m>[39m
                [0mFeatures[0m
              [36m</a>[39m
            [36m</li>[39m
            [36m<li>[39m
              [36m<a[39m
                [33mhref[39m=[32m"#segments"[39m
                [33mstyle[39m=[32m"color: rgb(148, 168, 200); 
text-decoration: none; font-size: 0.8rem; font-weight: 600; letter-spacing: 
0.06em; text-transform: uppercase;"[39m
              [36m>[39m
                [0mFor You[0m
              [36m</a>[39m
            [36m</li>[39m
            [36m<li>[39m
              [36m<a[39m
                [33mhref[39m=[32m"#pricing"[39m
                [33mstyle[39m=[32m"color: rgb(148, 168, 200); 
text-decoration: none; font-size: 0.8rem; font-weight: 600; letter-spacing: 
0.06em; text-transform: uppercase;"[39m
              [36m>[39m
                [0mPricing[0m
              [36m</a>[39m
            [36m</li>[39m
          [36m</ul>[39m
          [36m<div[39m
            [33mstyle[39m=[32m"display: flex; gap: 10px;"[39m
          [36m>[39m
            [36m<button[39m
              [33mstyle[39m=[32m"background: transparent; color: rgb(238, 
242, 252); padding: 9px 20px; border-radius: 5px; font-size: 0.82rem; 
font-weight: 700; border: 1px solid rgba(56, 189, 248, 0.15); cursor: 
pointer; font-family: inherit;"[39m
            [36m>[39m
              [0mSign In[0m
            [36m</button>[39m
            [36m<button[39m
              [33mstyle[39m=[32m"background: 
linear-gradient(135deg,#e0f2fe 0%,#38bdf8 55%,#2dd4bf 100%); color: rgb(2, 
13, 26); padding: 9px 22px; border-radius: 5px; font-size: 0.82rem; 
font-weight: 800; cursor: pointer; font-family: inherit; box-shadow: 0 0 
20px rgba(34,211,238,0.2);"[39m
            [36m>[39m
              [0mGet Started ΓåÆ[0m
            [36m</button>[39m
          [36m</div>[39m
        [36m</nav>[39m
        [36m<section[39m
          [33mstyle[39m=[32m"min-height: 100vh; display: flex; 
flex-direction: column; align-items: center; justify-content: center; 
text-align: center; padding: 140px 40px 80px; position: relative; overflow: 
hidden; background: rgb(4, 12, 26);"[39m
        [36m>[39m
          [36m<div[39m
            [33mstyle[39m=[32m"position: absolute; inset: 0; background: 
radial-gradient(ellipse 70% 55% at 50% -5%,rgba(34,211,238,.12) 
0%,transparent 65%), radial-gradient(ellipse 50% 40% at 80% 
85%,rgba(45,212,191,.06) 0%,transparent 55%); pointer-events: none;"[39m
          [36m/>[39m
          [36m<div[39m
            [33mstyle[39m=[32m"position: absolute; width: 380px; height: 
380px; border-radius: 50%; border: 1px solid rgba(34, 211, 238, 0.08); 
animation: ring-spin 28s linear infinite; pointer-events: none;"[39m
          [36m>[39m
            [36m<div[39m
              [33mstyle[39m=[32m"position: absolute; width: 6px; height: 
6px; border-radius: 50%; background: rgb(34, 211, 238); top: -3px; left: 
50%; transform: translateX(-50%); box-shadow: 0 0 12px #22d3ee;"[39m
            [36m/>[39m
          [36m</div>[39m
          [36m<div[39m
            [33mstyle[39m=[32m"position: absolute; width: 600px; height: 
600px; border-radius: 50%; border: 1px solid rgba(56, 189, 248, 0.05); 
animation: ring-spin 48s linear infinite reverse; pointer-events: none;"[39m
          [36m>[39m
            [36m<div[39m
              [33mstyle[39m=[32m"position: absolute; width: 6px; height: 
6px; border-radius: 50%; background: rgb(45, 212, 191); top: -3px; left: 
50%; transform: translateX(-50%); box-shadow: 0 0 12px #2dd4bf;"[39m
            [36m/>[39m
          [36m</div>[39m
          [36m<div[39m
            [33mstyle[39m=[32m"position: absolute; width: 860px; height: 
860px; border-radius: 50%; border: 1px solid rgba(56, 189, 248, 0.04); 
animation: ring-spin 68s linear infinite; pointer-events: none;"[39m
          [36m/>[39m
          [36m<div[39m
            [33mstyle[39m=[32m"position: absolute; width: 1120px; height: 
1120px; border-radius: 50%; border: 1px solid rgba(45, 212, 191, 0.04); 
animation: ring-spin 88s linear infinite reverse; pointer-events: none;"[39m
          [36m/>[39m
          [36m<div[39m
            [33mstyle[39m=[32m"font-size: clamp(2rem,5vw,3.2rem); 
font-weight: 800; letter-spacing: -0.04em; margin-bottom: 28px; position: 
relative; background: linear-gradient(135deg,#e0f2fe 0%,#38bdf8 55%,#2dd4bf 
100%); -webkit-text-fill-color: transparent; background-clip: text;"[39m
          [36m>[39m
            [0mFinOrbit[0m
          [36m</div>[39m
          [36m<div[39m
            [33mstyle[39m=[32m"display: inline-flex; align-items: center; 
gap: 8px; background: rgba(34, 211, 238, 0.08); border: 1px solid rgba(34, 
211, 238, 0.22); border-radius: 100px; padding: 6px 18px; font-size: 0.7rem; 
font-family: DM Mono, monospace; color: rgb(34, 211, 238); letter-spacing: 
0.1em; text-transform: uppercase; margin-bottom: 32px; position: 
relative;"[39m
          [36m>[39m
            [36m<span[39m
              [33mstyle[39m=[32m"width: 6px; height: 6px; background: 
rgb(34, 211, 238); border-radius: 50%; animation: pulse-brand 2s ease 
infinite;"[39m
            [36m/>[39m
            [0mAutonomous Financial OS ┬╖ Now in Private Beta[0m
          [36m</div>[39m
          [36m<h1[39m
            [33mstyle[39m=[32m"font-size: clamp(3rem,7vw,6.5rem); 
font-weight: 800; line-height: 1; letter-spacing: -0.04em; max-width: 900px; 
margin: 0px auto 12px; position: relative;"[39m
          [36m>[39m
            [0mYour money,[0m
            [36m<br />[39m
            [36m<span[39m
              [33mstyle[39m=[32m"font-family: Instrument Serif, serif; 
font-style: italic; font-weight: 400; background: 
linear-gradient(135deg,#e0f2fe 0%,#38bdf8 55%,#2dd4...

    [0m [90m 107 |[39m   it([32m'clicking Sign In opens auth modal on 
signin tab'[39m[33m,[39m () [33m=>[39m {
     [90m 108 |[39m     render([33m<[39m[33mHome[39m 
[33m/[39m[33m>[39m)
    [31m[1m>[22m[39m[90m 109 |[39m     fireEvent[33m.[39mclick(screen
[33m.[39mgetByRole([32m'button'[39m[33m,[39m { name[33m:[39m 
[35m/sign in/i[39m }))
     [90m     |[39m                            [31m[1m^[22m[39m
     [90m 110 |[39m     expect(screen[33m.[39mgetByTestId([32m'auth-moda
l'[39m))[33m.[39mtoBeInTheDocument()
     [90m 111 |[39m     expect(screen[33m.[39mgetByTestId([32m'auth-tab'
[39m))[33m.[39mtoHaveTextContent([32m'signin'[39m)
     [90m 112 |[39m   })[0m

      at Object.getElementError 
(node_modules/@testing-library/dom/dist/config.js:37:19)
      at getElementError 
(node_modules/@testing-library/dom/dist/query-helpers.js:20:35)
      at getMultipleElementsFoundError 
(node_modules/@testing-library/dom/dist/query-helpers.js:23:10)
      at node_modules/@testing-library/dom/dist/query-helpers.js:55:13
      at node_modules/@testing-library/dom/dist/query-helpers.js:95:19
      at Object.<anonymous> (src/__tests__/buttons.test.tsx:109:28)

  ΓùÅ Landing page ΓÇö signed out ΓÇ║ clicking Get Started opens auth modal 
on signup tab

    TestingLibraryElementError: Found multiple elements with the role 
"button" and name `/get started/i`

    Here are the matching elements:

    Ignored nodes: comments, script, style
    [36m<button[39m
      [33mstyle[39m=[32m"background: linear-gradient(135deg,#e0f2fe 
0%,#38bdf8 55%,#2dd4bf 100%); color: rgb(2, 13, 26); padding: 9px 22px; 
border-radius: 5px; font-size: 0.82rem; font-weight: 800; cursor: pointer; 
font-family: inherit; box-shadow: 0 0 20px rgba(34,211,238,0.2);"[39m
    [36m>[39m
      [0mGet Started ΓåÆ[0m
    [36m</button>[39m

    Ignored nodes: comments, script, style
    [36m<button[39m
      [33mstyle[39m=[32m"display: block; width: 100%; padding: 12px; 
border-radius: 6px; font-size: 0.8rem; font-weight: 800; letter-spacing: 
0.05em; text-transform: uppercase; cursor: pointer; font-family: inherit; 
background: transparent; color: rgb(238, 242, 252); border: 1px solid 
rgba(56, 189, 248, 0.15);"[39m
    [36m>[39m
      [0mGet Started Free[0m
    [36m</button>[39m

    (If this is intentional, then use the `*AllBy*` variant of the query 
(like `queryAllByText`, `getAllByText`, or `findAllByText`)).

    Ignored nodes: comments, script, style
    [36m<body>[39m
      [36m<div>[39m
        [36m<nav[39m
          [33mstyle[39m=[32m"position: fixed; top: 0px; left: 0px; right: 
0px; z-index: 200; display: flex; align-items: center; justify-content: 
space-between; padding: 18px 60px; background: 
linear-gradient(180deg,rgba(3,7,18,.97) 0%,transparent 100%); border-bottom: 
1px solid transparent; transition: all .3s;"[39m
        [36m>[39m
          [36m<div[39m
            [33mstyle[39m=[32m"font-size: 1.3rem; font-weight: 800; 
letter-spacing: -0.02em; background: linear-gradient(135deg,#e0f2fe 
0%,#38bdf8 55%,#2dd4bf 100%); -webkit-text-fill-color: transparent; 
background-clip: text;"[39m
          [36m>[39m
            [0mFinOrbit[0m
          [36m</div>[39m
          [36m<ul[39m
            [33mstyle[39m=[32m"display: flex; gap: 34px; align-items: 
center; list-style: none;"[39m
          [36m>[39m
            [36m<li>[39m
              [36m<a[39m
                [33mhref[39m=[32m"#how"[39m
                [33mstyle[39m=[32m"color: rgb(148, 168, 200); 
text-decoration: none; font-size: 0.8rem; font-weight: 600; letter-spacing: 
0.06em; text-transform: uppercase;"[39m
              [36m>[39m
                [0mHow It Works[0m
              [36m</a>[39m
            [36m</li>[39m
            [36m<li>[39m
              [36m<a[39m
                [33mhref[39m=[32m"#features"[39m
                [33mstyle[39m=[32m"color: rgb(148, 168, 200); 
text-decoration: none; font-size: 0.8rem; font-weight: 600; letter-spacing: 
0.06em; text-transform: uppercase;"[39m
              [36m>[39m
                [0mFeatures[0m
              [36m</a>[39m
            [36m</li>[39m
            [36m<li>[39m
              [36m<a[39m
                [33mhref[39m=[32m"#segments"[39m
                [33mstyle[39m=[32m"color: rgb(148, 168, 200); 
text-decoration: none; font-size: 0.8rem; font-weight: 600; letter-spacing: 
0.06em; text-transform: uppercase;"[39m
              [36m>[39m
                [0mFor You[0m
              [36m</a>[39m
            [36m</li>[39m
            [36m<li>[39m
              [36m<a[39m
                [33mhref[39m=[32m"#pricing"[39m
                [33mstyle[39m=[32m"color: rgb(148, 168, 200); 
text-decoration: none; font-size: 0.8rem; font-weight: 600; letter-spacing: 
0.06em; text-transform: uppercase;"[39m
              [36m>[39m
                [0mPricing[0m
              [36m</a>[39m
            [36m</li>[39m
          [36m</ul>[39m
          [36m<div[39m
            [33mstyle[39m=[32m"display: flex; gap: 10px;"[39m
          [36m>[39m
            [36m<button[39m
              [33mstyle[39m=[32m"background: transparent; color: rgb(238, 
242, 252); padding: 9px 20px; border-radius: 5px; font-size: 0.82rem; 
font-weight: 700; border: 1px solid rgba(56, 189, 248, 0.15); cursor: 
pointer; font-family: inherit;"[39m
            [36m>[39m
              [0mSign In[0m
            [36m</button>[39m
            [36m<button[39m
              [33mstyle[39m=[32m"background: 
linear-gradient(135deg,#e0f2fe 0%,#38bdf8 55%,#2dd4bf 100%); color: rgb(2, 
13, 26); padding: 9px 22px; border-radius: 5px; font-size: 0.82rem; 
font-weight: 800; cursor: pointer; font-family: inherit; box-shadow: 0 0 
20px rgba(34,211,238,0.2);"[39m
            [36m>[39m
              [0mGet Started ΓåÆ[0m
            [36m</button>[39m
          [36m</div>[39m
        [36m</nav>[39m
        [36m<section[39m
          [33mstyle[39m=[32m"min-height: 100vh; display: flex; 
flex-direction: column; align-items: center; justify-content: center; 
text-align: center; padding: 140px 40px 80px; position: relative; overflow: 
hidden; background: rgb(4, 12, 26);"[39m
        [36m>[39m
          [36m<div[39m
            [33mstyle[39m=[32m"position: absolute; inset: 0; background: 
radial-gradient(ellipse 70% 55% at 50% -5%,rgba(34,211,238,.12) 
0%,transparent 65%), radial-gradient(ellipse 50% 40% at 80% 
85%,rgba(45,212,191,.06) 0%,transparent 55%); pointer-events: none;"[39m
          [36m/>[39m
          [36m<div[39m
            [33mstyle[39m=[32m"position: absolute; width: 380px; height: 
380px; border-radius: 50%; border: 1px solid rgba(34, 211, 238, 0.08); 
animation: ring-spin 28s linear infinite; pointer-events: none;"[39m
          [36m>[39m
            [36m<div[39m
              [33mstyle[39m=[32m"position: absolute; width: 6px; height: 
6px; border-radius: 50%; background: rgb(34, 211, 238); top: -3px; left: 
50%; transform: translateX(-50%); box-shadow: 0 0 12px #22d3ee;"[39m
            [36m/>[39m
          [36m</div>[39m
          [36m<div[39m
            [33mstyle[39m=[32m"position: absolute; width: 600px; height: 
600px; border-radius: 50%; border: 1px solid rgba(56, 189, 248, 0.05); 
animation: ring-spin 48s linear infinite reverse; pointer-events: none;"[39m
          [36m>[39m
            [36m<div[39m
              [33mstyle[39m=[32m"position: absolute; width: 6px; height: 
6px; border-radius: 50%; background: rgb(45, 212, 191); top: -3px; left: 
50%; transform: translateX(-50%); box-shadow: 0 0 12px #2dd4bf;"[39m
            [36m/>[39m
          [36m</div>[39m
          [36m<div[39m
            [33mstyle[39m=[32m"position: absolute; width: 860px; height: 
860px; border-radius: 50%; border: 1px solid rgba(56, 189, 248, 0.04); 
animation: ring-spin 68s linear infinite; pointer-events: none;"[39m
          [36m/>[39m
          [36m<div[39m
            [33mstyle[39m=[32m"position: absolute; width: 1120px; height: 
1120px; border-radius: 50%; border: 1px solid rgba(45, 212, 191, 0.04); 
animation: ring-spin 88s linear infinite reverse; pointer-events: none;"[39m
          [36m/>[39m
          [36m<div[39m
            [33mstyle[39m=[32m"font-size: clamp(2rem,5vw,3.2rem); 
font-weight: 800; letter-spacing: -0.04em; margin-bottom: 28px; position: 
relative; background: linear-gradient(135deg,#e0f2fe 0%,#38bdf8 55%,#2dd4bf 
100%); -webkit-text-fill-color: transparent; background-clip: text;"[39m
          [36m>[39m
            [0mFinOrbit[0m
          [36m</div>[39m
          [36m<div[39m
            [33mstyle[39m=[32m"display: inline-flex; align-items: center; 
gap: 8px; background: rgba(34, 211, 238, 0.08); border: 1px solid rgba(34, 
211, 238, 0.22); border-radius: 100px; padding: 6px 18px; font-size: 0.7rem; 
font-family: DM Mono, monospace; color: rgb(34, 211, 238); letter-spacing: 
0.1em; text-transform: uppercase; margin-bottom: 32px; position: 
relative;"[39m
          [36m>[39m
            [36m<span[39m
              [33mstyle[39m=[32m"width: 6px; height: 6px; background: 
rgb(34, 211, 238); border-radius: 50%; animation: pulse-brand 2s ease 
infinite;"[39m
            [36m/>[39m
            [0mAutonomous Financial OS ┬╖ Now in Private Beta[0m
          [36m</div>[39m
          [36m<h1[39m
            [33mstyle[39m=[32m"font-size: clamp(3rem,7vw,6.5rem); 
font-weight: 800; line-height: 1; letter-spacing: -0.04em; max-width: 900px; 
margin: 0px auto 12px; position: relative;"[39m
          [36m>[39m
            [0mYour money,[0m
            [36m<br />[39m
            [36m<span[39m
              [33mstyle[39m=[32m"font-family: Instrument Serif, serif; 
font-style: italic; font-weight: 400; background: 
linear-gradient(135deg,#e0f2fe 0%,#38bdf8 55%,#2dd4...

    [0m [90m 114 |[39m   it([32m'clicking Get Started opens auth modal 
on signup tab'[39m[33m,[39m () [33m=>[39m {
     [90m 115 |[39m     render([33m<[39m[33mHome[39m 
[33m/[39m[33m>[39m)
    [31m[1m>[22m[39m[90m 116 |[39m     fireEvent[33m.[39mclick(screen
[33m.[39mgetByRole([32m'button'[39m[33m,[39m { name[33m:[39m 
[35m/get started/i[39m }))
     [90m     |[39m                            [31m[1m^[22m[39m
     [90m 117 |[39m     expect(screen[33m.[39mgetByTestId([32m'auth-moda
l'[39m))[33m.[39mtoBeInTheDocument()
     [90m 118 |[39m     expect(screen[33m.[39mgetByTestId([32m'auth-tab'
[39m))[33m.[39mtoHaveTextContent([32m'signup'[39m)
     [90m 119 |[39m   })[0m

      at Object.getElementError 
(node_modules/@testing-library/dom/dist/config.js:37:19)
      at getElementError 
(node_modules/@testing-library/dom/dist/query-helpers.js:20:35)
      at getMultipleElementsFoundError 
(node_modules/@testing-library/dom/dist/query-helpers.js:23:10)
      at node_modules/@testing-library/dom/dist/query-helpers.js:55:13
      at node_modules/@testing-library/dom/dist/query-helpers.js:95:19
      at Object.<anonymous> (src/__tests__/buttons.test.tsx:116:28)

  ΓùÅ Landing page ΓÇö signed out ΓÇ║ clicking Start Free Today opens auth 
modal on signup tab

    TestingLibraryElementError: Found multiple elements with the role 
"button" and name `/start free today/i`

    Here are the matching elements:

    Ignored nodes: comments, script, style
    [36m<button[39m
      [33mstyle[39m=[32m"background: linear-gradient(135deg,#e0f2fe 
0%,#38bdf8 55%,#2dd4bf 100%); color: rgb(2, 13, 26); padding: 15px 36px; 
border-radius: 6px; font-size: 0.88rem; font-weight: 800; letter-spacing: 
0.05em; text-transform: uppercase; cursor: pointer; font-family: inherit; 
box-shadow: 0 8px 30px rgba(34,211,238,0.25);"[39m
    [36m>[39m
      [0mStart Free Today ΓåÆ[0m
    [36m</button>[39m

    Ignored nodes: comments, script, style
    [36m<button[39m
      [33mstyle[39m=[32m"background: linear-gradient(135deg,#e0f2fe 
0%,#38bdf8 55%,#2dd4bf 100%); color: rgb(2, 13, 26); padding: 15px 36px; 
border-radius: 6px; font-size: 0.88rem; font-weight: 800; letter-spacing: 
0.05em; text-transform: uppercase; cursor: pointer; font-family: inherit; 
box-shadow: 0 8px 30px rgba(34,211,238,0.25);"[39m
    [36m>[39m
      [0mStart Free Today ΓåÆ[0m
    [36m</button>[39m

    (If this is intentional, then use the `*AllBy*` variant of the query 
(like `queryAllByText`, `getAllByText`, or `findAllByText`)).

    Ignored nodes: comments, script, style
    [36m<body>[39m
      [36m<div>[39m
        [36m<nav[39m
          [33mstyle[39m=[32m"position: fixed; top: 0px; left: 0px; right: 
0px; z-index: 200; display: flex; align-items: center; justify-content: 
space-between; padding: 18px 60px; background: 
linear-gradient(180deg,rgba(3,7,18,.97) 0%,transparent 100%); border-bottom: 
1px solid transparent; transition: all .3s;"[39m
        [36m>[39m
          [36m<div[39m
            [33mstyle[39m=[32m"font-size: 1.3rem; font-weight: 800; 
letter-spacing: -0.02em; background: linear-gradient(135deg,#e0f2fe 
0%,#38bdf8 55%,#2dd4bf 100%); -webkit-text-fill-color: transparent; 
background-clip: text;"[39m
          [36m>[39m
            [0mFinOrbit[0m
          [36m</div>[39m
          [36m<ul[39m
            [33mstyle[39m=[32m"display: flex; gap: 34px; align-items: 
center; list-style: none;"[39m
          [36m>[39m
            [36m<li>[39m
              [36m<a[39m
                [33mhref[39m=[32m"#how"[39m
                [33mstyle[39m=[32m"color: rgb(148, 168, 200); 
text-decoration: none; font-size: 0.8rem; font-weight: 600; letter-spacing: 
0.06em; text-transform: uppercase;"[39m
              [36m>[39m
                [0mHow It Works[0m
              [36m</a>[39m
            [36m</li>[39m
            [36m<li>[39m
              [36m<a[39m
                [33mhref[39m=[32m"#features"[39m
                [33mstyle[39m=[32m"color: rgb(148, 168, 200); 
text-decoration: none; font-size: 0.8rem; font-weight: 600; letter-spacing: 
0.06em; text-transform: uppercase;"[39m
              [36m>[39m
                [0mFeatures[0m
              [36m</a>[39m
            [36m</li>[39m
            [36m<li>[39m
              [36m<a[39m
                [33mhref[39m=[32m"#segments"[39m
                [33mstyle[39m=[32m"color: rgb(148, 168, 200); 
text-decoration: none; font-size: 0.8rem; font-weight: 600; letter-spacing: 
0.06em; text-transform: uppercase;"[39m
              [36m>[39m
                [0mFor You[0m
              [36m</a>[39m
            [36m</li>[39m
            [36m<li>[39m
              [36m<a[39m
                [33mhref[39m=[32m"#pricing"[39m
                [33mstyle[39m=[32m"color: rgb(148, 168, 200); 
text-decoration: none; font-size: 0.8rem; font-weight: 600; letter-spacing: 
0.06em; text-transform: uppercase;"[39m
              [36m>[39m
                [0mPricing[0m
              [36m</a>[39m
            [36m</li>[39m
          [36m</ul>[39m
          [36m<div[39m
            [33mstyle[39m=[32m"display: flex; gap: 10px;"[39m
          [36m>[39m
            [36m<button[39m
              [33mstyle[39m=[32m"background: transparent; color: rgb(238, 
242, 252); padding: 9px 20px; border-radius: 5px; font-size: 0.82rem; 
font-weight: 700; border: 1px solid rgba(56, 189, 248, 0.15); cursor: 
pointer; font-family: inherit;"[39m
            [36m>[39m
              [0mSign In[0m
            [36m</button>[39m
            [36m<button[39m
              [33mstyle[39m=[32m"background: 
linear-gradient(135deg,#e0f2fe 0%,#38bdf8 55%,#2dd4bf 100%); color: rgb(2, 
13, 26); padding: 9px 22px; border-radius: 5px; font-size: 0.82rem; 
font-weight: 800; cursor: pointer; font-family: inherit; box-shadow: 0 0 
20px rgba(34,211,238,0.2);"[39m
            [36m>[39m
              [0mGet Started ΓåÆ[0m
            [36m</button>[39m
          [36m</div>[39m
        [36m</nav>[39m
        [36m<section[39m
          [33mstyle[39m=[32m"min-height: 100vh; display: flex; 
flex-direction: column; align-items: center; justify-content: center; 
text-align: center; padding: 140px 40px 80px; position: relative; overflow: 
hidden; background: rgb(4, 12, 26);"[39m
        [36m>[39m
          [36m<div[39m
            [33mstyle[39m=[32m"position: absolute; inset: 0; background: 
radial-gradient(ellipse 70% 55% at 50% -5%,rgba(34,211,238,.12) 
0%,transparent 65%), radial-gradient(ellipse 50% 40% at 80% 
85%,rgba(45,212,191,.06) 0%,transparent 55%); pointer-events: none;"[39m
          [36m/>[39m
          [36m<div[39m
            [33mstyle[39m=[32m"position: absolute; width: 380px; height: 
380px; border-radius: 50%; border: 1px solid rgba(34, 211, 238, 0.08); 
animation: ring-spin 28s linear infinite; pointer-events: none;"[39m
          [36m>[39m
            [36m<div[39m
              [33mstyle[39m=[32m"position: absolute; width: 6px; height: 
6px; border-radius: 50%; background: rgb(34, 211, 238); top: -3px; left: 
50%; transform: translateX(-50%); box-shadow: 0 0 12px #22d3ee;"[39m
            [36m/>[39m
          [36m</div>[39m
          [36m<div[39m
            [33mstyle[39m=[32m"position: absolute; width: 600px; height: 
600px; border-radius: 50%; border: 1px solid rgba(56, 189, 248, 0.05); 
animation: ring-spin 48s linear infinite reverse; pointer-events: none;"[39m
          [36m>[39m
            [36m<div[39m
              [33mstyle[39m=[32m"position: absolute; width: 6px; height: 
6px; border-radius: 50%; background: rgb(45, 212, 191); top: -3px; left: 
50%; transform: translateX(-50%); box-shadow: 0 0 12px #2dd4bf;"[39m
            [36m/>[39m
          [36m</div>[39m
          [36m<div[39m
            [33mstyle[39m=[32m"position: absolute; width: 860px; height: 
860px; border-radius: 50%; border: 1px solid rgba(56, 189, 248, 0.04); 
animation: ring-spin 68s linear infinite; pointer-events: none;"[39m
          [36m/>[39m
          [36m<div[39m
            [33mstyle[39m=[32m"position: absolute; width: 1120px; height: 
1120px; border-radius: 50%; border: 1px solid rgba(45, 212, 191, 0.04); 
animation: ring-spin 88s linear infinite reverse; pointer-events: none;"[39m
          [36m/>[39m
          [36m<div[39m
            [33mstyle[39m=[32m"font-size: clamp(2rem,5vw,3.2rem); 
font-weight: 800; letter-spacing: -0.04em; margin-bottom: 28px; position: 
relative; background: linear-gradient(135deg,#e0f2fe 0%,#38bdf8 55%,#2dd4bf 
100%); -webkit-text-fill-color: transparent; background-clip: text;"[39m
          [36m>[39m
            [0mFinOrbit[0m
          [36m</div>[39m
          [36m<div[39m
            [33mstyle[39m=[32m"display: inline-flex; align-items: center; 
gap: 8px; background: rgba(34, 211, 238, 0.08); border: 1px solid rgba(34, 
211, 238, 0.22); border-radius: 100px; padding: 6px 18px; font-size: 0.7rem; 
font-family: DM Mono, monospace; color: rgb(34, 211, 238); letter-spacing: 
0.1em; text-transform: uppercase; margin-bottom: 32px; position: 
relative;"[39m
          [36m>[39m
            [36m<span[39m
              [33mstyle[39m=[32m"width: 6px; height: 6px; background: 
rgb(34, 211, 238); border-radius: 50%; animation: pulse-brand 2s ease 
infinite;"[39m
            [36m/>[39m
            [0mAutonomous Financial OS ┬╖ Now in Private Beta[0m
          [36m</div>[39m
          [36m<h1[39m
            [33mstyle[39m=[32m"font-size: clamp(3rem,7vw,6.5rem); 
font-weight: 800; line-height: 1; letter-spacing: -0.04em; max-width: 900px; 
margin: 0px auto 12px; position: relative;"[39m
          [36m>[39m
            [0mYour money,[0m
            [36m<br />[39m
            [36m<span[39m
              [33mstyle[39m=[32m"font-family: Instrument Serif, serif; 
font-style: italic; font-weight: 400; background: 
linear-gradient(135deg,#e0f2fe 0%,#38bdf8 55%,#2dd4...

    [0m [90m 121 |[39m   it([32m'clicking Start Free Today opens auth 
modal on signup tab'[39m[33m,[39m () [33m=>[39m {
     [90m 122 |[39m     render([33m<[39m[33mHome[39m 
[33m/[39m[33m>[39m)
    [31m[1m>[22m[39m[90m 123 |[39m     fireEvent[33m.[39mclick(screen
[33m.[39mgetByRole([32m'button'[39m[33m,[39m { name[33m:[39m 
[35m/start free today/i[39m }))
     [90m     |[39m                            [31m[1m^[22m[39m
     [90m 124 |[39m     expect(screen[33m.[39mgetByTestId([32m'auth-moda
l'[39m))[33m.[39mtoBeInTheDocument()
     [90m 125 |[39m     expect(screen[33m.[39mgetByTestId([32m'auth-tab'
[39m))[33m.[39mtoHaveTextContent([32m'signup'[39m)
     [90m 126 |[39m   })[0m

      at Object.getElementError 
(node_modules/@testing-library/dom/dist/config.js:37:19)
      at getElementError 
(node_modules/@testing-library/dom/dist/query-helpers.js:20:35)
      at getMultipleElementsFoundError 
(node_modules/@testing-library/dom/dist/query-helpers.js:23:10)
      at node_modules/@testing-library/dom/dist/query-helpers.js:55:13
      at node_modules/@testing-library/dom/dist/query-helpers.js:95:19
      at Object.<anonymous> (src/__tests__/buttons.test.tsx:123:28)

  ΓùÅ Landing page ΓÇö signed out ΓÇ║ modal closes when close button is 
clicked

    TestingLibraryElementError: Found multiple elements with the role 
"button" and name `/sign in/i`

    Here are the matching elements:

    Ignored nodes: comments, script, style
    [36m<button[39m
      [33mstyle[39m=[32m"background: transparent; color: rgb(238, 242, 
252); padding: 9px 20px; border-radius: 5px; font-size: 0.82rem; 
font-weight: 700; border: 1px solid rgba(56, 189, 248, 0.15); cursor: 
pointer; font-family: inherit;"[39m
    [36m>[39m
      [0mSign In[0m
    [36m</button>[39m

    Ignored nodes: comments, script, style
    [36m<button[39m
      [33mstyle[39m=[32m"background: transparent; color: rgb(238, 242, 
252); padding: 14px 32px; border-radius: 6px; font-size: 0.88rem; 
font-weight: 600; border: 1px solid rgba(56, 189, 248, 0.2); cursor: 
pointer; font-family: inherit;"[39m
    [36m>[39m
      [0mSign In[0m
    [36m</button>[39m

    (If this is intentional, then use the `*AllBy*` variant of the query 
(like `queryAllByText`, `getAllByText`, or `findAllByText`)).

    Ignored nodes: comments, script, style
    [36m<body>[39m
      [36m<div>[39m
        [36m<nav[39m
          [33mstyle[39m=[32m"position: fixed; top: 0px; left: 0px; right: 
0px; z-index: 200; display: flex; align-items: center; justify-content: 
space-between; padding: 18px 60px; background: 
linear-gradient(180deg,rgba(3,7,18,.97) 0%,transparent 100%); border-bottom: 
1px solid transparent; transition: all .3s;"[39m
        [36m>[39m
          [36m<div[39m
            [33mstyle[39m=[32m"font-size: 1.3rem; font-weight: 800; 
letter-spacing: -0.02em; background: linear-gradient(135deg,#e0f2fe 
0%,#38bdf8 55%,#2dd4bf 100%); -webkit-text-fill-color: transparent; 
background-clip: text;"[39m
          [36m>[39m
            [0mFinOrbit[0m
          [36m</div>[39m
          [36m<ul[39m
            [33mstyle[39m=[32m"display: flex; gap: 34px; align-items: 
center; list-style: none;"[39m
          [36m>[39m
            [36m<li>[39m
              [36m<a[39m
                [33mhref[39m=[32m"#how"[39m
                [33mstyle[39m=[32m"color: rgb(148, 168, 200); 
text-decoration: none; font-size: 0.8rem; font-weight: 600; letter-spacing: 
0.06em; text-transform: uppercase;"[39m
              [36m>[39m
                [0mHow It Works[0m
              [36m</a>[39m
            [36m</li>[39m
            [36m<li>[39m
              [36m<a[39m
                [33mhref[39m=[32m"#features"[39m
                [33mstyle[39m=[32m"color: rgb(148, 168, 200); 
text-decoration: none; font-size: 0.8rem; font-weight: 600; letter-spacing: 
0.06em; text-transform: uppercase;"[39m
              [36m>[39m
                [0mFeatures[0m
              [36m</a>[39m
            [36m</li>[39m
            [36m<li>[39m
              [36m<a[39m
                [33mhref[39m=[32m"#segments"[39m
                [33mstyle[39m=[32m"color: rgb(148, 168, 200); 
text-decoration: none; font-size: 0.8rem; font-weight: 600; letter-spacing: 
0.06em; text-transform: uppercase;"[39m
              [36m>[39m
                [0mFor You[0m
              [36m</a>[39m
            [36m</li>[39m
            [36m<li>[39m
              [36m<a[39m
                [33mhref[39m=[32m"#pricing"[39m
                [33mstyle[39m=[32m"color: rgb(148, 168, 200); 
text-decoration: none; font-size: 0.8rem; font-weight: 600; letter-spacing: 
0.06em; text-transform: uppercase;"[39m
              [36m>[39m
                [0mPricing[0m
              [36m</a>[39m
            [36m</li>[39m
          [36m</ul>[39m
          [36m<div[39m
            [33mstyle[39m=[32m"display: flex; gap: 10px;"[39m
          [36m>[39m
            [36m<button[39m
              [33mstyle[39m=[32m"background: transparent; color: rgb(238, 
242, 252); padding: 9px 20px; border-radius: 5px; font-size: 0.82rem; 
font-weight: 700; border: 1px solid rgba(56, 189, 248, 0.15); cursor: 
pointer; font-family: inherit;"[39m
            [36m>[39m
              [0mSign In[0m
            [36m</button>[39m
            [36m<button[39m
              [33mstyle[39m=[32m"background: 
linear-gradient(135deg,#e0f2fe 0%,#38bdf8 55%,#2dd4bf 100%); color: rgb(2, 
13, 26); padding: 9px 22px; border-radius: 5px; font-size: 0.82rem; 
font-weight: 800; cursor: pointer; font-family: inherit; box-shadow: 0 0 
20px rgba(34,211,238,0.2);"[39m
            [36m>[39m
              [0mGet Started ΓåÆ[0m
            [36m</button>[39m
          [36m</div>[39m
        [36m</nav>[39m
        [36m<section[39m
          [33mstyle[39m=[32m"min-height: 100vh; display: flex; 
flex-direction: column; align-items: center; justify-content: center; 
text-align: center; padding: 140px 40px 80px; position: relative; overflow: 
hidden; background: rgb(4, 12, 26);"[39m
        [36m>[39m
          [36m<div[39m
            [33mstyle[39m=[32m"position: absolute; inset: 0; background: 
radial-gradient(ellipse 70% 55% at 50% -5%,rgba(34,211,238,.12) 
0%,transparent 65%), radial-gradient(ellipse 50% 40% at 80% 
85%,rgba(45,212,191,.06) 0%,transparent 55%); pointer-events: none;"[39m
          [36m/>[39m
          [36m<div[39m
            [33mstyle[39m=[32m"position: absolute; width: 380px; height: 
380px; border-radius: 50%; border: 1px solid rgba(34, 211, 238, 0.08); 
animation: ring-spin 28s linear infinite; pointer-events: none;"[39m
          [36m>[39m
            [36m<div[39m
              [33mstyle[39m=[32m"position: absolute; width: 6px; height: 
6px; border-radius: 50%; background: rgb(34, 211, 238); top: -3px; left: 
50%; transform: translateX(-50%); box-shadow: 0 0 12px #22d3ee;"[39m
            [36m/>[39m
          [36m</div>[39m
          [36m<div[39m
            [33mstyle[39m=[32m"position: absolute; width: 600px; height: 
600px; border-radius: 50%; border: 1px solid rgba(56, 189, 248, 0.05); 
animation: ring-spin 48s linear infinite reverse; pointer-events: none;"[39m
          [36m>[39m
            [36m<div[39m
              [33mstyle[39m=[32m"position: absolute; width: 6px; height: 
6px; border-radius: 50%; background: rgb(45, 212, 191); top: -3px; left: 
50%; transform: translateX(-50%); box-shadow: 0 0 12px #2dd4bf;"[39m
            [36m/>[39m
          [36m</div>[39m
          [36m<div[39m
            [33mstyle[39m=[32m"position: absolute; width: 860px; height: 
860px; border-radius: 50%; border: 1px solid rgba(56, 189, 248, 0.04); 
animation: ring-spin 68s linear infinite; pointer-events: none;"[39m
          [36m/>[39m
          [36m<div[39m
            [33mstyle[39m=[32m"position: absolute; width: 1120px; height: 
1120px; border-radius: 50%; border: 1px solid rgba(45, 212, 191, 0.04); 
animation: ring-spin 88s linear infinite reverse; pointer-events: none;"[39m
          [36m/>[39m
          [36m<div[39m
            [33mstyle[39m=[32m"font-size: clamp(2rem,5vw,3.2rem); 
font-weight: 800; letter-spacing: -0.04em; margin-bottom: 28px; position: 
relative; background: linear-gradient(135deg,#e0f2fe 0%,#38bdf8 55%,#2dd4bf 
100%); -webkit-text-fill-color: transparent; background-clip: text;"[39m
          [36m>[39m
            [0mFinOrbit[0m
          [36m</div>[39m
          [36m<div[39m
            [33mstyle[39m=[32m"display: inline-flex; align-items: center; 
gap: 8px; background: rgba(34, 211, 238, 0.08); border: 1px solid rgba(34, 
211, 238, 0.22); border-radius: 100px; padding: 6px 18px; font-size: 0.7rem; 
font-family: DM Mono, monospace; color: rgb(34, 211, 238); letter-spacing: 
0.1em; text-transform: uppercase; margin-bottom: 32px; position: 
relative;"[39m
          [36m>[39m
            [36m<span[39m
              [33mstyle[39m=[32m"width: 6px; height: 6px; background: 
rgb(34, 211, 238); border-radius: 50%; animation: pulse-brand 2s ease 
infinite;"[39m
            [36m/>[39m
            [0mAutonomous Financial OS ┬╖ Now in Private Beta[0m
          [36m</div>[39m
          [36m<h1[39m
            [33mstyle[39m=[32m"font-size: clamp(3rem,7vw,6.5rem); 
font-weight: 800; line-height: 1; letter-spacing: -0.04em; max-width: 900px; 
margin: 0px auto 12px; position: relative;"[39m
          [36m>[39m
            [0mYour money,[0m
            [36m<br />[39m
            [36m<span[39m
              [33mstyle[39m=[32m"font-family: Instrument Serif, serif; 
font-style: italic; font-weight: 400; background: 
linear-gradient(135deg,#e0f2fe 0%,#38bdf8 55%,#2dd4...

    [0m [90m 128 |[39m   it([32m'modal closes when close button is 
clicked'[39m[33m,[39m () [33m=>[39m {
     [90m 129 |[39m     render([33m<[39m[33mHome[39m 
[33m/[39m[33m>[39m)
    [31m[1m>[22m[39m[90m 130 |[39m     fireEvent[33m.[39mclick(screen
[33m.[39mgetByRole([32m'button'[39m[33m,[39m { name[33m:[39m 
[35m/sign in/i[39m }))
     [90m     |[39m                            [31m[1m^[22m[39m
     [90m 131 |[39m     expect(screen[33m.[39mgetByTestId([32m'auth-moda
l'[39m))[33m.[39mtoBeInTheDocument()
     [90m 132 |[39m     fireEvent[33m.[39mclick(screen[33m.[39mgetByTes
tId([32m'modal-close'[39m))
     [90m 133 |[39m     expect(screen[33m.[39mqueryByTestId([32m'auth-mo
dal'[39m))[33m.[39mnot[33m.[39mtoBeInTheDocument()[0m

      at Object.getElementError 
(node_modules/@testing-library/dom/dist/config.js:37:19)
      at getElementError 
(node_modules/@testing-library/dom/dist/query-helpers.js:20:35)
      at getMultipleElementsFoundError 
(node_modules/@testing-library/dom/dist/query-helpers.js:23:10)
      at node_modules/@testing-library/dom/dist/query-helpers.js:55:13
      at node_modules/@testing-library/dom/dist/query-helpers.js:95:19
      at Object.<anonymous> (src/__tests__/buttons.test.tsx:130:28)

  ΓùÅ Landing page ΓÇö signed out ΓÇ║ pricing buttons open signup modal

    TestingLibraryElementError: Unable to find an element by: 
[data-testid="auth-modal"]

    Ignored nodes: comments, script, style
    [36m<body>[39m
      [36m<div>[39m
        [36m<div[39m
          [33mstyle[39m=[32m"position: fixed; inset: 0; z-index: 500; 
display: flex; align-items: center; justify-content: center; padding: 24px; 
background: rgba(3, 7, 18, 0.85);"[39m
        [36m>[39m
          [36m<div[39m
            [33mstyle[39m=[32m"position: relative; width: 100%; 
max-width: 440px; background: rgb(17, 34, 64); border: 1px solid rgba(56, 
189, 248, 0.15); border-radius: 20px; box-shadow: 0 40px 100px 
rgba(0,0,0,0.6);"[39m
          [36m>[39m
            [36m<button[39m
              [33mstyle[39m=[32m"position: absolute; top: 16px; right: 
16px; width: 30px; height: 30px; border-radius: 50%; background: rgba(56, 
189, 248, 0.06); color: rgb(148, 168, 200); font-size: 1rem; cursor: 
pointer; display: flex; align-items: center; justify-content: center; 
font-family: inherit;"[39m
            [36m>[39m
              [0mΓ£ò[0m
            [36m</button>[39m
            [36m<div[39m
              [33mstyle[39m=[32m"padding: 40px 36px 36px;"[39m
            [36m>[39m
              [36m<div[39m
                [33mstyle[39m=[32m"text-align: center; font-size: 1.5rem; 
font-weight: 800; margin-bottom: 24px; background: 
linear-gradient(135deg,#e0f2fe,#38bdf8,#2dd4bf); -webkit-text-fill-color: 
transparent;"[39m
              [36m>[39m
                [0mFinOrbit[0m
              [36m</div>[39m
              [36m<div[39m
                [33mstyle[39m=[32m"display: flex; background: rgba(56, 
189, 248, 0.06); border-radius: 8px; padding: 3px; margin-bottom: 28px;"[39m
              [36m>[39m
                [36m<button[39m
                  [33mstyle[39m=[32m"flex: 1 1 0%; padding: 9px 0px; 
border-radius: 6px; font-size: 0.82rem; font-weight: 700; cursor: pointer; 
font-family: inherit; background: transparent; color: rgb(148, 168, 200); 
transition: all .2s;"[39m
                [36m>[39m
                  [0mSign In[0m
                [36m</button>[39m
                [36m<button[39m
                  [33mstyle[39m=[32m"flex: 1 1 0%; padding: 9px 0px; 
border-radius: 6px; font-size: 0.82rem; font-weight: 700; cursor: pointer; 
font-family: inherit; background: rgb(22, 42, 74); color: rgb(238, 242, 
252); transition: all .2s;"[39m
                [36m>[39m
                  [0mCreate Account[0m
                [36m</button>[39m
              [36m</div>[39m
              [36m<div>[39m
                [36m<div[39m
                  [33mstyle[39m=[32m"display: grid; 
grid-template-columns: 1fr 1fr; gap: 10px;"[39m
                [36m>[39m
                  [36m<div>[39m
                    [36m<label[39m
                      [33mstyle[39m=[32m"display: block; font-size: 
0.72rem; font-family: DM Mono, monospace; color: rgb(148, 168, 200); 
text-transform: uppercase; letter-spacing: 0.1em; margin-bottom: 6px;"[39m
                    [36m>[39m
                      [0mFirst Name[0m
                    [36m</label>[39m
                    [36m<input[39m
                      [33mplaceholder[39m=[32m"Alex"[39m
                      [33mstyle[39m=[32m"width: 100%; background: rgb(8, 
21, 40); border: 1px solid rgba(56, 189, 248, 0.15); border-radius: 8px; 
padding: 13px 15px; color: rgb(238, 242, 252); font-size: 0.88rem; outline: 
none; margin-bottom: 14px; font-family: inherit;"[39m
                      [33mvalue[39m=[32m""[39m
                    [36m/>[39m
                  [36m</div>[39m
                  [36m<div>[39m
                    [36m<label[39m
                      [33mstyle[39m=[32m"display: block; font-size: 
0.72rem; font-family: DM Mono, monospace; color: rgb(148, 168, 200); 
text-transform: uppercase; letter-spacing: 0.1em; margin-bottom: 6px;"[39m
                    [36m>[39m
                      [0mLast Name[0m
                    [36m</label>[39m
                    [36m<input[39m
                      [33mplaceholder[39m=[32m"Morgan"[39m
                      [33mstyle[39m=[32m"width: 100%; background: rgb(8, 
21, 40); border: 1px solid rgba(56, 189, 248, 0.15); border-radius: 8px; 
padding: 13px 15px; color: rgb(238, 242, 252); font-size: 0.88rem; outline: 
none; margin-bottom: 14px; font-family: inherit;"[39m
                      [33mvalue[39m=[32m""[39m
                    [36m/>[39m
                  [36m</div>[39m
                [36m</div>[39m
                [36m<label[39m
                  [33mstyle[39m=[32m"display: block; font-size: 0.72rem; 
font-family: DM Mono, monospace; color: rgb(148, 168, 200); text-transform: 
uppercase; letter-spacing: 0.1em; margin-bottom: 6px;"[39m
                [36m>[39m
                  [0mEmail[0m
                [36m</label>[39m
                [36m<input[39m
                  [33mplaceholder[39m=[32m"you@example.com"[39m
                  [33mstyle[39m=[32m"width: 100%; background: rgb(8, 21, 
40); border: 1px solid rgba(56, 189, 248, 0.15); border-radius: 8px; 
padding: 13px 15px; color: rgb(238, 242, 252); font-size: 0.88rem; outline: 
none; margin-bottom: 14px; font-family: inherit;"[39m
                  [33mtype[39m=[32m"email"[39m
                  [33mvalue[39m=[32m""[39m
                [36m/>[39m
                [36m<label[39m
                  [33mstyle[39m=[32m"display: block; font-size: 0.72rem; 
font-family: DM Mono, monospace; color: rgb(148, 168, 200); text-transform: 
uppercase; letter-spacing: 0.1em; margin-bottom: 6px;"[39m
                [36m>[39m
                  [0mPassword[0m
                [36m</label>[39m
                [36m<div[39m
                  [33mstyle[39m=[32m"position: relative; margin-bottom: 
14px;"[39m
                [36m>[39m
                  [36m<input[39m
                    [33mplaceholder[39m=[32m"Min 8 chars, 1 uppercase, 1 
number"[39m
                    [33mstyle[39m=[32m"width: 100%; background: rgb(8, 
21, 40); border: 1px solid rgba(56, 189, 248, 0.15); border-radius: 8px; 
padding: 13px 46px 13px 15px; color: rgb(238, 242, 252); font-size: 0.88rem; 
outline: none; margin-bottom: 0px; font-family: inherit;"[39m
                    [33mtype[39m=[32m"password"[39m
                    [33mvalue[39m=[32m""[39m
                  [36m/>[39m
                  [36m<button[39m
                    [33mstyle[39m=[32m"position: absolute; right: 14px; 
top: 50%; transform: translateY(-50%); background: none; cursor: pointer; 
color: rgb(82, 100, 128); font-size: 0.85rem;"[39m
                  [36m>[39m
                    [0m≡ƒæü[0m
                  [36m</button>[39m
                [36m</div>[39m
                [36m<label[39m
                  [33mstyle[39m=[32m"display: block; font-size: 0.72rem; 
font-family: DM Mono, monospace; color: rgb(148, 168, 200); text-transform: 
uppercase; letter-spacing: 0.1em; margin-bottom: 8px;"[39m
                [36m>[39m
                  [0mChoose Your Plan[0m
                [36m</label>[39m
                [36m<div[39m
                  [33mstyle[39m=[32m"display: grid; 
grid-template-columns: 1fr 1fr; gap: 8px; margin-bottom: 16px;"[39m
                [36m>[39m
                  [36m<div[39m
                    [33mstyle[39m=[32m"padding: 11px 12px; border-radius: 
8px; cursor: pointer; border: 1px solid rgba(56, 189, 248, 0.1); ba...

    [0m [90m 148 |[39m     [36mconst[39m startTrialBtns [33m=[39m 
screen[33m.[39mgetAllByRole([32m'button'[39m[33m,[39m { 
name[33m:[39m [35m/start free trial/i[39m })
     [90m 149 |[39m     
fireEvent[33m.[39mclick(startTrialBtns[[35m0[39m])
    [31m[1m>[22m[39m[90m 150 |[39m     expect(screen[33m.[39mgetByTes
tId([32m'auth-modal'[39m))[33m.[39mtoBeInTheDocument()
     [90m     |[39m                   [31m[1m^[22m[39m
     [90m 151 |[39m     expect(screen[33m.[39mgetByTestId([32m'auth-tab'
[39m))[33m.[39mtoHaveTextContent([32m'signup'[39m)
     [90m 152 |[39m   })
     [90m 153 |[39m[0m

      at Object.getElementError 
(node_modules/@testing-library/dom/dist/config.js:37:19)
      at node_modules/@testing-library/dom/dist/query-helpers.js:76:38
      at node_modules/@testing-library/dom/dist/query-helpers.js:52:17
      at node_modules/@testing-library/dom/dist/query-helpers.js:95:19
      at Object.<anonymous> (src/__tests__/buttons.test.tsx:150:19)

  ΓùÅ Landing page ΓÇö signed out ΓÇ║ Get Started Free button opens signup 
modal

    TestingLibraryElementError: Unable to find an element by: 
[data-testid="auth-modal"]

    Ignored nodes: comments, script, style
    [36m<body>[39m
      [36m<div>[39m
        [36m<div[39m
          [33mstyle[39m=[32m"position: fixed; inset: 0; z-index: 500; 
display: flex; align-items: center; justify-content: center; padding: 24px; 
background: rgba(3, 7, 18, 0.85);"[39m
        [36m>[39m
          [36m<div[39m
            [33mstyle[39m=[32m"position: relative; width: 100%; 
max-width: 440px; background: rgb(17, 34, 64); border: 1px solid rgba(56, 
189, 248, 0.15); border-radius: 20px; box-shadow: 0 40px 100px 
rgba(0,0,0,0.6);"[39m
          [36m>[39m
            [36m<button[39m
              [33mstyle[39m=[32m"position: absolute; top: 16px; right: 
16px; width: 30px; height: 30px; border-radius: 50%; background: rgba(56, 
189, 248, 0.06); color: rgb(148, 168, 200); font-size: 1rem; cursor: 
pointer; display: flex; align-items: center; justify-content: center; 
font-family: inherit;"[39m
            [36m>[39m
              [0mΓ£ò[0m
            [36m</button>[39m
            [36m<div[39m
              [33mstyle[39m=[32m"padding: 40px 36px 36px;"[39m
            [36m>[39m
              [36m<div[39m
                [33mstyle[39m=[32m"text-align: center; font-size: 1.5rem; 
font-weight: 800; margin-bottom: 24px; background: 
linear-gradient(135deg,#e0f2fe,#38bdf8,#2dd4bf); -webkit-text-fill-color: 
transparent;"[39m
              [36m>[39m
                [0mFinOrbit[0m
              [36m</div>[39m
              [36m<div[39m
                [33mstyle[39m=[32m"display: flex; background: rgba(56, 
189, 248, 0.06); border-radius: 8px; padding: 3px; margin-bottom: 28px;"[39m
              [36m>[39m
                [36m<button[39m
                  [33mstyle[39m=[32m"flex: 1 1 0%; padding: 9px 0px; 
border-radius: 6px; font-size: 0.82rem; font-weight: 700; cursor: pointer; 
font-family: inherit; background: transparent; color: rgb(148, 168, 200); 
transition: all .2s;"[39m
                [36m>[39m
                  [0mSign In[0m
                [36m</button>[39m
                [36m<button[39m
                  [33mstyle[39m=[32m"flex: 1 1 0%; padding: 9px 0px; 
border-radius: 6px; font-size: 0.82rem; font-weight: 700; cursor: pointer; 
font-family: inherit; background: rgb(22, 42, 74); color: rgb(238, 242, 
252); transition: all .2s;"[39m
                [36m>[39m
                  [0mCreate Account[0m
                [36m</button>[39m
              [36m</div>[39m
              [36m<div>[39m
                [36m<div[39m
                  [33mstyle[39m=[32m"display: grid; 
grid-template-columns: 1fr 1fr; gap: 10px;"[39m
                [36m>[39m
                  [36m<div>[39m
                    [36m<label[39m
                      [33mstyle[39m=[32m"display: block; font-size: 
0.72rem; font-family: DM Mono, monospace; color: rgb(148, 168, 200); 
text-transform: uppercase; letter-spacing: 0.1em; margin-bottom: 6px;"[39m
                    [36m>[39m
                      [0mFirst Name[0m
                    [36m</label>[39m
                    [36m<input[39m
                      [33mplaceholder[39m=[32m"Alex"[39m
                      [33mstyle[39m=[32m"width: 100%; background: rgb(8, 
21, 40); border: 1px solid rgba(56, 189, 248, 0.15); border-radius: 8px; 
padding: 13px 15px; color: rgb(238, 242, 252); font-size: 0.88rem; outline: 
none; margin-bottom: 14px; font-family: inherit;"[39m
                      [33mvalue[39m=[32m""[39m
                    [36m/>[39m
                  [36m</div>[39m
                  [36m<div>[39m
                    [36m<label[39m
                      [33mstyle[39m=[32m"display: block; font-size: 
0.72rem; font-family: DM Mono, monospace; color: rgb(148, 168, 200); 
text-transform: uppercase; letter-spacing: 0.1em; margin-bottom: 6px;"[39m
                    [36m>[39m
                      [0mLast Name[0m
                    [36m</label>[39m
                    [36m<input[39m
                      [33mplaceholder[39m=[32m"Morgan"[39m
                      [33mstyle[39m=[32m"width: 100%; background: rgb(8, 
21, 40); border: 1px solid rgba(56, 189, 248, 0.15); border-radius: 8px; 
padding: 13px 15px; color: rgb(238, 242, 252); font-size: 0.88rem; outline: 
none; margin-bottom: 14px; font-family: inherit;"[39m
                      [33mvalue[39m=[32m""[39m
                    [36m/>[39m
                  [36m</div>[39m
                [36m</div>[39m
                [36m<label[39m
                  [33mstyle[39m=[32m"display: block; font-size: 0.72rem; 
font-family: DM Mono, monospace; color: rgb(148, 168, 200); text-transform: 
uppercase; letter-spacing: 0.1em; margin-bottom: 6px;"[39m
                [36m>[39m
                  [0mEmail[0m
                [36m</label>[39m
                [36m<input[39m
                  [33mplaceholder[39m=[32m"you@example.com"[39m
                  [33mstyle[39m=[32m"width: 100%; background: rgb(8, 21, 
40); border: 1px solid rgba(56, 189, 248, 0.15); border-radius: 8px; 
padding: 13px 15px; color: rgb(238, 242, 252); font-size: 0.88rem; outline: 
none; margin-bottom: 14px; font-family: inherit;"[39m
                  [33mtype[39m=[32m"email"[39m
                  [33mvalue[39m=[32m""[39m
                [36m/>[39m
                [36m<label[39m
                  [33mstyle[39m=[32m"display: block; font-size: 0.72rem; 
font-family: DM Mono, monospace; color: rgb(148, 168, 200); text-transform: 
uppercase; letter-spacing: 0.1em; margin-bottom: 6px;"[39m
                [36m>[39m
                  [0mPassword[0m
                [36m</label>[39m
                [36m<div[39m
                  [33mstyle[39m=[32m"position: relative; margin-bottom: 
14px;"[39m
                [36m>[39m
                  [36m<input[39m
                    [33mplaceholder[39m=[32m"Min 8 chars, 1 uppercase, 1 
number"[39m
                    [33mstyle[39m=[32m"width: 100%; background: rgb(8, 
21, 40); border: 1px solid rgba(56, 189, 248, 0.15); border-radius: 8px; 
padding: 13px 46px 13px 15px; color: rgb(238, 242, 252); font-size: 0.88rem; 
outline: none; margin-bottom: 0px; font-family: inherit;"[39m
                    [33mtype[39m=[32m"password"[39m
                    [33mvalue[39m=[32m""[39m
                  [36m/>[39m
                  [36m<button[39m
                    [33mstyle[39m=[32m"position: absolute; right: 14px; 
top: 50%; transform: translateY(-50%); background: none; cursor: pointer; 
color: rgb(82, 100, 128); font-size: 0.85rem;"[39m
                  [36m>[39m
                    [0m≡ƒæü[0m
                  [36m</button>[39m
                [36m</div>[39m
                [36m<label[39m
                  [33mstyle[39m=[32m"display: block; font-size: 0.72rem; 
font-family: DM Mono, monospace; color: rgb(148, 168, 200); text-transform: 
uppercase; letter-spacing: 0.1em; margin-bottom: 8px;"[39m
                [36m>[39m
                  [0mChoose Your Plan[0m
                [36m</label>[39m
                [36m<div[39m
                  [33mstyle[39m=[32m"display: grid; 
grid-template-columns: 1fr 1fr; gap: 8px; margin-bottom: 16px;"[39m
                [36m>[39m
                  [36m<div[39m
                    [33mstyle[39m=[32m"padding: 11px 12px; border-radius: 
8px; cursor: pointer; border: 1px solid rgba(56, 189, 248, 0.1); ba...

    [0m [90m 156 |[39m     [36mconst[39m btn [33m=[39m 
screen[33m.[39mgetByRole([32m'button'[39m[33m,[39m { name[33m:[39m 
[35m/get started free/i[39m })
     [90m 157 |[39m     fireEvent[33m.[39mclick(btn)
    [31m[1m>[22m[39m[90m 158 |[39m     expect(screen[33m.[39mgetByTes
tId([32m'auth-modal'[39m))[33m.[39mtoBeInTheDocument()
     [90m     |[39m                   [31m[1m^[22m[39m
     [90m 159 |[39m     expect(screen[33m.[39mgetByTestId([32m'auth-tab'
[39m))[33m.[39mtoHaveTextContent([32m'signup'[39m)
     [90m 160 |[39m   })
     [90m 161 |[39m[0m

      at Object.getElementError 
(node_modules/@testing-library/dom/dist/config.js:37:19)
      at node_modules/@testing-library/dom/dist/query-helpers.js:76:38
      at node_modules/@testing-library/dom/dist/query-helpers.js:52:17
      at node_modules/@testing-library/dom/dist/query-helpers.js:95:19
      at Object.<anonymous> (src/__tests__/buttons.test.tsx:158:19)

  ΓùÅ Landing page ΓÇö signed out ΓÇ║ segment tabs switch between 
Individuals, Businesses, Governments

    TestingLibraryElementError: Found multiple elements with the text: 
/personal cfo/i

    Here are the matching elements:

    Ignored nodes: comments, script, style
    [36m<p[39m
      [33mstyle[39m=[32m"color: rgb(148, 168, 200); font-size: 1rem; 
max-width: 520px; line-height: 1.85;"[39m
    [36m>[39m
      [0mFinOrbit scales from personal CFO to enterprise financial 
intelligence ΓÇö and eventually, government-grade infrastructure.[0m
    [36m</p>[39m

    Ignored nodes: comments, script, style
    [36m<h3[39m
      [33mstyle[39m=[32m"font-size: 1.4rem; font-weight: 800; 
letter-spacing: -0.02em; margin-bottom: 8px; line-height: 1.3;"[39m
    [36m>[39m
      [0mYour Personal CFO,[0m
      [36m<br />[39m
      [36m<span[39m
        [33mstyle[39m=[32m"background: linear-gradient(135deg,#e0f2fe 
0%,#38bdf8 55%,#2dd4bf 100%); -webkit-text-fill-color: transparent; 
background-clip: text;"[39m
      [36m>[39m
        [0mon autopilot.[0m
      [36m</span>[39m
    [36m</h3>[39m

    (If this is intentional, then use the `*AllBy*` variant of the query 
(like `queryAllByText`, `getAllByText`, or `findAllByText`)).

    Ignored nodes: comments, script, style
    [36m<body>[39m
      [36m<div>[39m
        [36m<nav[39m
          [33mstyle[39m=[32m"position: fixed; top: 0px; left: 0px; right: 
0px; z-index: 200; display: flex; align-items: center; justify-content: 
space-between; padding: 18px 60px; background: 
linear-gradient(180deg,rgba(3,7,18,.97) 0%,transparent 100%); border-bottom: 
1px solid transparent; transition: all .3s;"[39m
        [36m>[39m
          [36m<div[39m
            [33mstyle[39m=[32m"font-size: 1.3rem; font-weight: 800; 
letter-spacing: -0.02em; background: linear-gradient(135deg,#e0f2fe 
0%,#38bdf8 55%,#2dd4bf 100%); -webkit-text-fill-color: transparent; 
background-clip: text;"[39m
          [36m>[39m
            [0mFinOrbit[0m
          [36m</div>[39m
          [36m<ul[39m
            [33mstyle[39m=[32m"display: flex; gap: 34px; align-items: 
center; list-style: none;"[39m
          [36m>[39m
            [36m<li>[39m
              [36m<a[39m
                [33mhref[39m=[32m"#how"[39m
                [33mstyle[39m=[32m"color: rgb(148, 168, 200); 
text-decoration: none; font-size: 0.8rem; font-weight: 600; letter-spacing: 
0.06em; text-transform: uppercase;"[39m
              [36m>[39m
                [0mHow It Works[0m
              [36m</a>[39m
            [36m</li>[39m
            [36m<li>[39m
              [36m<a[39m
                [33mhref[39m=[32m"#features"[39m
                [33mstyle[39m=[32m"color: rgb(148, 168, 200); 
text-decoration: none; font-size: 0.8rem; font-weight: 600; letter-spacing: 
0.06em; text-transform: uppercase;"[39m
              [36m>[39m
                [0mFeatures[0m
              [36m</a>[39m
            [36m</li>[39m
            [36m<li>[39m
              [36m<a[39m
                [33mhref[39m=[32m"#segments"[39m
                [33mstyle[39m=[32m"color: rgb(148, 168, 200); 
text-decoration: none; font-size: 0.8rem; font-weight: 600; letter-spacing: 
0.06em; text-transform: uppercase;"[39m
              [36m>[39m
                [0mFor You[0m
              [36m</a>[39m
            [36m</li>[39m
            [36m<li>[39m
              [36m<a[39m
                [33mhref[39m=[32m"#pricing"[39m
                [33mstyle[39m=[32m"color: rgb(148, 168, 200); 
text-decoration: none; font-size: 0.8rem; font-weight: 600; letter-spacing: 
0.06em; text-transform: uppercase;"[39m
              [36m>[39m
                [0mPricing[0m
              [36m</a>[39m
            [36m</li>[39m
          [36m</ul>[39m
          [36m<div[39m
            [33mstyle[39m=[32m"display: flex; gap: 10px;"[39m
          [36m>[39m
            [36m<button[39m
              [33mstyle[39m=[32m"background: transparent; color: rgb(238, 
242, 252); padding: 9px 20px; border-radius: 5px; font-size: 0.82rem; 
font-weight: 700; border: 1px solid rgba(56, 189, 248, 0.15); cursor: 
pointer; font-family: inherit;"[39m
            [36m>[39m
              [0mSign In[0m
            [36m</button>[39m
            [36m<button[39m
              [33mstyle[39m=[32m"background: 
linear-gradient(135deg,#e0f2fe 0%,#38bdf8 55%,#2dd4bf 100%); color: rgb(2, 
13, 26); padding: 9px 22px; border-radius: 5px; font-size: 0.82rem; 
font-weight: 800; cursor: pointer; font-family: inherit; box-shadow: 0 0 
20px rgba(34,211,238,0.2);"[39m
            [36m>[39m
              [0mGet Started ΓåÆ[0m
            [36m</button>[39m
          [36m</div>[39m
        [36m</nav>[39m
        [36m<section[39m
          [33mstyle[39m=[32m"min-height: 100vh; display: flex; 
flex-direction: column; align-items: center; justify-content: center; 
text-align: center; padding: 140px 40px 80px; position: relative; overflow: 
hidden; background: rgb(4, 12, 26);"[39m
        [36m>[39m
          [36m<div[39m
            [33mstyle[39m=[32m"position: absolute; inset: 0; background: 
radial-gradient(ellipse 70% 55% at 50% -5%,rgba(34,211,238,.12) 
0%,transparent 65%), radial-gradient(ellipse 50% 40% at 80% 
85%,rgba(45,212,191,.06) 0%,transparent 55%); pointer-events: none;"[39m
          [36m/>[39m
          [36m<div[39m
            [33mstyle[39m=[32m"position: absolute; width: 380px; height: 
380px; border-radius: 50%; border: 1px solid rgba(34, 211, 238, 0.08); 
animation: ring-spin 28s linear infinite; pointer-events: none;"[39m
          [36m>[39m
            [36m<div[39m
              [33mstyle[39m=[32m"position: absolute; width: 6px; height: 
6px; border-radius: 50%; background: rgb(34, 211, 238); top: -3px; left: 
50%; transform: translateX(-50%); box-shadow: 0 0 12px #22d3ee;"[39m
            [36m/>[39m
          [36m</div>[39m
          [36m<div[39m
            [33mstyle[39m=[32m"position: absolute; width: 600px; height: 
600px; border-radius: 50%; border: 1px solid rgba(56, 189, 248, 0.05); 
animation: ring-spin 48s linear infinite reverse; pointer-events: none;"[39m
          [36m>[39m
            [36m<div[39m
              [33mstyle[39m=[32m"position: absolute; width: 6px; height: 
6px; border-radius: 50%; background: rgb(45, 212, 191); top: -3px; left: 
50%; transform: translateX(-50%); box-shadow: 0 0 12px #2dd4bf;"[39m
            [36m/>[39m
          [36m</div>[39m
          [36m<div[39m
            [33mstyle[39m=[32m"position: absolute; width: 860px; height: 
860px; border-radius: 50%; border: 1px solid rgba(56, 189, 248, 0.04); 
animation: ring-spin 68s linear infinite; pointer-events: none;"[39m
          [36m/>[39m
          [36m<div[39m
            [33mstyle[39m=[32m"position: absolute; width: 1120px; height: 
1120px; border-radius: 50%; border: 1px solid rgba(45, 212, 191, 0.04); 
animation: ring-spin 88s linear infinite reverse; pointer-events: none;"[39m
          [36m/>[39m
          [36m<div[39m
            [33mstyle[39m=[32m"font-size: clamp(2rem,5vw,3.2rem); 
font-weight: 800; letter-spacing: -0.04em; margin-bottom: 28px; position: 
relative; background: linear-gradient(135deg,#e0f2fe 0%,#38bdf8 55%,#2dd4bf 
100%); -webkit-text-fill-color: transparent; background-clip: text;"[39m
          [36m>[39m
            [0mFinOrbit[0m
          [36m</div>[39m
          [36m<div[39m
            [33mstyle[39m=[32m"display: inline-flex; align-items: center; 
gap: 8px; background: rgba(34, 211, 238, 0.08); border: 1px solid rgba(34, 
211, 238, 0.22); border-radius: 100px; padding: 6px 18px; font-size: 0.7rem; 
font-family: DM Mono, monospace; color: rgb(34, 211, 238); letter-spacing: 
0.1em; text-transform: uppercase; margin-bottom: 32px; position: 
relative;"[39m
          [36m>[39m
            [36m<span[39m
              [33mstyle[39m=[32m"width: 6px; height: 6px; background: 
rgb(34, 211, 238); border-radius: 50%; animation: pulse-brand 2s ease 
infinite;"[39m
            [36m/>[39m
            [0mAutonomous Financial OS ┬╖ Now in Private Beta[0m
          [36m</div>[39m
          [36m<h1[39m
            [33mstyle[39m=[32m"font-size: clamp(3rem,7vw,6.5rem); 
font-weight: 800; line-height: 1; letter-spacing: -0.04em; max-width: 900px; 
margin: 0px auto 12px; position: relative;"[39m
          [36m>[39m
            [0mYour money,[0m
            [36m<br />[39m
            [36m<span[39m
              [33mstyle[39m=[32m"font-family: Instrument Serif, serif; 
font-style: italic; font-weight: 400; background: 
linear-gradient(135deg,#e0f2fe 0%,#38bdf8 55%,#2dd4...

    [0m [90m 172 |[39m     [36mconst[39m individualBtn [33m=[39m 
screen[33m.[39mgetByRole([32m'button'[39m[33m,[39m { name[33m:[39m 
[35m/individuals/i[39m })
     [90m 173 |[39m     fireEvent[33m.[39mclick(individualBtn)
    [31m[1m>[22m[39m[90m 174 |[39m     
expect(screen[33m.[39mgetByText([35m/personal 
cfo/i[39m))[33m.[39mtoBeInTheDocument()
     [90m     |[39m                   [31m[1m^[22m[39m
     [90m 175 |[39m   })
     [90m 176 |[39m })
     [90m 177 |[39m[0m

      at Object.getElementError 
(node_modules/@testing-library/dom/dist/config.js:37:19)
      at getElementError 
(node_modules/@testing-library/dom/dist/query-helpers.js:20:35)
      at getMultipleElementsFoundError 
(node_modules/@testing-library/dom/dist/query-helpers.js:23:10)
      at node_modules/@testing-library/dom/dist/query-helpers.js:55:13
      at node_modules/@testing-library/dom/dist/query-helpers.js:95:19
      at Object.<anonymous> (src/__tests__/buttons.test.tsx:174:19)

  ΓùÅ Landing page ΓÇö signed in ΓÇ║ shows My Dashboard button instead of 
Get Started

    TestingLibraryElementError: Found multiple elements with the role 
"button" and name `/my dashboard/i`

    Here are the matching elements:

    Ignored nodes: comments, script, style
    [36m<button[39m
      [33mstyle[39m=[32m"background: linear-gradient(135deg,#e0f2fe 
0%,#38bdf8 55%,#2dd4bf 100%); color: rgb(2, 13, 26); padding: 9px 22px; 
border-radius: 5px; font-size: 0.82rem; font-weight: 800; cursor: pointer; 
font-family: inherit; box-shadow: 0 0 20px rgba(34,211,238,0.2);"[39m
    [36m>[39m
      [0mMy Dashboard ΓåÆ[0m
    [36m</button>[39m

    Ignored nodes: comments, script, style
    [36m<button[39m
      [33mstyle[39m=[32m"background: linear-gradient(135deg,#e0f2fe 
0%,#38bdf8 55%,#2dd4bf 100%); color: rgb(2, 13, 26); padding: 15px 36px; 
border-radius: 6px; font-size: 0.88rem; font-weight: 800; letter-spacing: 
0.05em; text-transform: uppercase; cursor: pointer; font-family: inherit; 
box-shadow: 0 8px 30px rgba(34,211,238,0.25);"[39m
    [36m>[39m
      [0mGo to My Dashboard ΓåÆ[0m
    [36m</button>[39m

    Ignored nodes: comments, script, style
    [36m<button[39m
      [33mstyle[39m=[32m"background: linear-gradient(135deg,#e0f2fe 
0%,#38bdf8 55%,#2dd4bf 100%); color: rgb(2, 13, 26); padding: 15px 36px; 
border-radius: 6px; font-size: 0.88rem; font-weight: 800; letter-spacing: 
0.05em; text-transform: uppercase; cursor: pointer; font-family: inherit; 
box-shadow: 0 8px 30px rgba(34,211,238,0.25);"[39m
    [36m>[39m
      [0mGo to My Dashboard ΓåÆ[0m
    [36m</button>[39m

    (If this is intentional, then use the `*AllBy*` variant of the query 
(like `queryAllByText`, `getAllByText`, or `findAllByText`)).

    Ignored nodes: comments, script, style
    [36m<body>[39m
      [36m<div>[39m
        [36m<nav[39m
          [33mstyle[39m=[32m"position: fixed; top: 0px; left: 0px; right: 
0px; z-index: 200; display: flex; align-items: center; justify-content: 
space-between; padding: 18px 60px; background: 
linear-gradient(180deg,rgba(3,7,18,.97) 0%,transparent 100%); border-bottom: 
1px solid transparent; transition: all .3s;"[39m
        [36m>[39m
          [36m<div[39m
            [33mstyle[39m=[32m"font-size: 1.3rem; font-weight: 800; 
letter-spacing: -0.02em; background: linear-gradient(135deg,#e0f2fe 
0%,#38bdf8 55%,#2dd4bf 100%); -webkit-text-fill-color: transparent; 
background-clip: text;"[39m
          [36m>[39m
            [0mFinOrbit[0m
          [36m</div>[39m
          [36m<ul[39m
            [33mstyle[39m=[32m"display: flex; gap: 34px; align-items: 
center; list-style: none;"[39m
          [36m>[39m
            [36m<li>[39m
              [36m<a[39m
                [33mhref[39m=[32m"#how"[39m
                [33mstyle[39m=[32m"color: rgb(148, 168, 200); 
text-decoration: none; font-size: 0.8rem; font-weight: 600; letter-spacing: 
0.06em; text-transform: uppercase;"[39m
              [36m>[39m
                [0mHow It Works[0m
              [36m</a>[39m
            [36m</li>[39m
            [36m<li>[39m
              [36m<a[39m
                [33mhref[39m=[32m"#features"[39m
                [33mstyle[39m=[32m"color: rgb(148, 168, 200); 
text-decoration: none; font-size: 0.8rem; font-weight: 600; letter-spacing: 
0.06em; text-transform: uppercase;"[39m
              [36m>[39m
                [0mFeatures[0m
              [36m</a>[39m
            [36m</li>[39m
            [36m<li>[39m
              [36m<a[39m
                [33mhref[39m=[32m"#segments"[39m
                [33mstyle[39m=[32m"color: rgb(148, 168, 200); 
text-decoration: none; font-size: 0.8rem; font-weight: 600; letter-spacing: 
0.06em; text-transform: uppercase;"[39m
              [36m>[39m
                [0mFor You[0m
              [36m</a>[39m
            [36m</li>[39m
            [36m<li>[39m
              [36m<a[39m
                [33mhref[39m=[32m"#pricing"[39m
                [33mstyle[39m=[32m"color: rgb(148, 168, 200); 
text-decoration: none; font-size: 0.8rem; font-weight: 600; letter-spacing: 
0.06em; text-transform: uppercase;"[39m
              [36m>[39m
                [0mPricing[0m
              [36m</a>[39m
            [36m</li>[39m
          [36m</ul>[39m
          [36m<div[39m
            [33mstyle[39m=[32m"display: flex; gap: 10px;"[39m
          [36m>[39m
            [36m<button[39m
              [33mstyle[39m=[32m"background: 
linear-gradient(135deg,#e0f2fe 0%,#38bdf8 55%,#2dd4bf 100%); color: rgb(2, 
13, 26); padding: 9px 22px; border-radius: 5px; font-size: 0.82rem; 
font-weight: 800; cursor: pointer; font-family: inherit; box-shadow: 0 0 
20px rgba(34,211,238,0.2);"[39m
            [36m>[39m
              [0mMy Dashboard ΓåÆ[0m
            [36m</button>[39m
            [36m<button[39m
              [33mstyle[39m=[32m"background: transparent; color: rgb(148, 
168, 200); padding: 9px 18px; border-radius: 5px; font-size: 0.82rem; 
font-weight: 600; border: 1px solid rgba(56, 189, 248, 0.1); cursor: 
pointer; font-family: inherit;"[39m
            [36m>[39m
              [0mSign Out[0m
            [36m</button>[39m
          [36m</div>[39m
        [36m</nav>[39m
        [36m<section[39m
          [33mstyle[39m=[32m"min-height: 100vh; display: flex; 
flex-direction: column; align-items: center; justify-content: center; 
text-align: center; padding: 140px 40px 80px; position: relative; overflow: 
hidden; background: rgb(4, 12, 26);"[39m
        [36m>[39m
          [36m<div[39m
            [33mstyle[39m=[32m"position: absolute; inset: 0; background: 
radial-gradient(ellipse 70% 55% at 50% -5%,rgba(34,211,238,.12) 
0%,transparent 65%), radial-gradient(ellipse 50% 40% at 80% 
85%,rgba(45,212,191,.06) 0%,transparent 55%); pointer-events: none;"[39m
          [36m/>[39m
          [36m<div[39m
            [33mstyle[39m=[32m"position: absolute; width: 380px; height: 
380px; border-radius: 50%; border: 1px solid rgba(34, 211, 238, 0.08); 
animation: ring-spin 28s linear infinite; pointer-events: none;"[39m
          [36m>[39m
            [36m<div[39m
              [33mstyle[39m=[32m"position: absolute; width: 6px; height: 
6px; border-radius: 50%; background: rgb(34, 211, 238); top: -3px; left: 
50%; transform: translateX(-50%); box-shadow: 0 0 12px #22d3ee;"[39m
            [36m/>[39m
          [36m</div>[39m
          [36m<div[39m
            [33mstyle[39m=[32m"position: absolute; width: 600px; height: 
600px; border-radius: 50%; border: 1px solid rgba(56, 189, 248, 0.05); 
animation: ring-spin 48s linear infinite reverse; pointer-events: none;"[39m
          [36m>[39m
            [36m<div[39m
              [33mstyle[39m=[32m"position: absolute; width: 6px; height: 
6px; border-radius: 50%; background: rgb(45, 212, 191); top: -3px; left: 
50%; transform: translateX(-50%); box-shadow: 0 0 12px #2dd4bf;"[39m
            [36m/>[39m
          [36m</div>[39m
          [36m<div[39m
            [33mstyle[39m=[32m"position: absolute; width: 860px; height: 
860px; border-radius: 50%; border: 1px solid rgba(56, 189, 248, 0.04); 
animation: ring-spin 68s linear infinite; pointer-events: none;"[39m
          [36m/>[39m
          [36m<div[39m
            [33mstyle[39m=[32m"position: absolute; width: 1120px; height: 
1120px; border-radius: 50%; border: 1px solid rgba(45, 212, 191, 0.04); 
animation: ring-spin 88s linear infinite reverse; pointer-events: none;"[39m
          [36m/>[39m
          [36m<div[39m
            [33mstyle[39m=[32m"font-size: clamp(2rem,5vw,3.2rem); 
font-weight: 800; letter-spacing: -0.04em; margin-bottom: 28px; position: 
relative; background: linear-gradient(135deg,#e0f2fe 0%,#38bdf8 55%,#2dd4bf 
100%); -webkit-text-fill-color: transparent; background-clip: text;"[39m
          [36m>[39m
            [0mFinOrbit[0m
          [36m</div>[39m
          [36m<div[39m
            [33mstyle[39m=[32m"display: inline-flex; align-items: center; 
gap: 8px; background: rgba(34, 211, 238, 0.08); border: 1px solid rgba(34, 
211, 238, 0.22); border-radius: 100px; padding: 6px 18px; font-size: 0.7rem; 
font-family: DM Mono, monospace; color: rgb(34, 211, 238); letter-spacing: 
0.1em; text-transform: uppercase; margin-bottom: 32px; position: 
relative;"[39m
          [36m>[39m
            [36m<span[39m
              [33mstyle[39m=[32m"width: 6px; height: 6px; background: 
rgb(34, 211, 238); border-radius: 50%; animation: pulse-brand 2s ease 
infinite;"[39m
            [36m/>[39m
            [0mAutonomous Financial OS ┬╖ Now in Private Beta[0m
          [36m</div>[39m
          [36m<h1[39m
            [33mstyle[39m=[32m"font-size: clamp(3rem,7vw,6.5rem); 
font-weight: 800; line-height: 1; letter-spacing: -0.04em; max-width: 900px; 
margin: 0px auto 12px; position: relative;"[39m
          [36m>[39m
            [0mYour money,[0m
            [36m<br />[39m
            [36m<span[39m
              [33mstyle[39m=[32m"font-family: Instrument Serif, serif; 
font-style: italic; font-weight: 400; background: 
linear-gradient(135deg,#e0f2fe 0%,#38bdf8 55%,#2dd...

    [0m [90m 198 |[39m   it([32m'shows My Dashboard button instead of 
Get Started'[39m[33m,[39m () [33m=>[39m {
     [90m 199 |[39m     render([33m<[39m[33mHome[39m 
[33m/[39m[33m>[39m)
    [31m[1m>[22m[39m[90m 200 |[39m     
expect(screen[33m.[39mgetByRole([32m'button'[39m[33m,[39m { 
name[33m:[39m [35m/my dashboard/i[39m }))[33m.[39mtoBeInTheDocument()
     [90m     |[39m                   [31m[1m^[22m[39m
     [90m 201 |[39m     
expect(screen[33m.[39mqueryByRole([32m'button'[39m[33m,[39m { 
name[33m:[39m [35m/get started/i[39m 
}))[33m.[39mnot[33m.[39mtoBeInTheDocument()
     [90m 202 |[39m   })
     [90m 203 |[39m[0m

      at Object.getElementError 
(node_modules/@testing-library/dom/dist/config.js:37:19)
      at getElementError 
(node_modules/@testing-library/dom/dist/query-helpers.js:20:35)
      at getMultipleElementsFoundError 
(node_modules/@testing-library/dom/dist/query-helpers.js:23:10)
      at node_modules/@testing-library/dom/dist/query-helpers.js:55:13
      at node_modules/@testing-library/dom/dist/query-helpers.js:95:19
      at Object.<anonymous> (src/__tests__/buttons.test.tsx:200:19)

  ΓùÅ Landing page ΓÇö signed in ΓÇ║ clicking My Dashboard navigates to 
/dashboard

    TestingLibraryElementError: Found multiple elements with the role 
"button" and name `/my dashboard/i`

    Here are the matching elements:

    Ignored nodes: comments, script, style
    [36m<button[39m
      [33mstyle[39m=[32m"background: linear-gradient(135deg,#e0f2fe 
0%,#38bdf8 55%,#2dd4bf 100%); color: rgb(2, 13, 26); padding: 9px 22px; 
border-radius: 5px; font-size: 0.82rem; font-weight: 800; cursor: pointer; 
font-family: inherit; box-shadow: 0 0 20px rgba(34,211,238,0.2);"[39m
    [36m>[39m
      [0mMy Dashboard ΓåÆ[0m
    [36m</button>[39m

    Ignored nodes: comments, script, style
    [36m<button[39m
      [33mstyle[39m=[32m"background: linear-gradient(135deg,#e0f2fe 
0%,#38bdf8 55%,#2dd4bf 100%); color: rgb(2, 13, 26); padding: 15px 36px; 
border-radius: 6px; font-size: 0.88rem; font-weight: 800; letter-spacing: 
0.05em; text-transform: uppercase; cursor: pointer; font-family: inherit; 
box-shadow: 0 8px 30px rgba(34,211,238,0.25);"[39m
    [36m>[39m
      [0mGo to My Dashboard ΓåÆ[0m
    [36m</button>[39m

    Ignored nodes: comments, script, style
    [36m<button[39m
      [33mstyle[39m=[32m"background: linear-gradient(135deg,#e0f2fe 
0%,#38bdf8 55%,#2dd4bf 100%); color: rgb(2, 13, 26); padding: 15px 36px; 
border-radius: 6px; font-size: 0.88rem; font-weight: 800; letter-spacing: 
0.05em; text-transform: uppercase; cursor: pointer; font-family: inherit; 
box-shadow: 0 8px 30px rgba(34,211,238,0.25);"[39m
    [36m>[39m
      [0mGo to My Dashboard ΓåÆ[0m
    [36m</button>[39m

    (If this is intentional, then use the `*AllBy*` variant of the query 
(like `queryAllByText`, `getAllByText`, or `findAllByText`)).

    Ignored nodes: comments, script, style
    [36m<body>[39m
      [36m<div>[39m
        [36m<nav[39m
          [33mstyle[39m=[32m"position: fixed; top: 0px; left: 0px; right: 
0px; z-index: 200; display: flex; align-items: center; justify-content: 
space-between; padding: 18px 60px; background: 
linear-gradient(180deg,rgba(3,7,18,.97) 0%,transparent 100%); border-bottom: 
1px solid transparent; transition: all .3s;"[39m
        [36m>[39m
          [36m<div[39m
            [33mstyle[39m=[32m"font-size: 1.3rem; font-weight: 800; 
letter-spacing: -0.02em; background: linear-gradient(135deg,#e0f2fe 
0%,#38bdf8 55%,#2dd4bf 100%); -webkit-text-fill-color: transparent; 
background-clip: text;"[39m
          [36m>[39m
            [0mFinOrbit[0m
          [36m</div>[39m
          [36m<ul[39m
            [33mstyle[39m=[32m"display: flex; gap: 34px; align-items: 
center; list-style: none;"[39m
          [36m>[39m
            [36m<li>[39m
              [36m<a[39m
                [33mhref[39m=[32m"#how"[39m
                [33mstyle[39m=[32m"color: rgb(148, 168, 200); 
text-decoration: none; font-size: 0.8rem; font-weight: 600; letter-spacing: 
0.06em; text-transform: uppercase;"[39m
              [36m>[39m
                [0mHow It Works[0m
              [36m</a>[39m
            [36m</li>[39m
            [36m<li>[39m
              [36m<a[39m
                [33mhref[39m=[32m"#features"[39m
                [33mstyle[39m=[32m"color: rgb(148, 168, 200); 
text-decoration: none; font-size: 0.8rem; font-weight: 600; letter-spacing: 
0.06em; text-transform: uppercase;"[39m
              [36m>[39m
                [0mFeatures[0m
              [36m</a>[39m
            [36m</li>[39m
            [36m<li>[39m
              [36m<a[39m
                [33mhref[39m=[32m"#segments"[39m
                [33mstyle[39m=[32m"color: rgb(148, 168, 200); 
text-decoration: none; font-size: 0.8rem; font-weight: 600; letter-spacing: 
0.06em; text-transform: uppercase;"[39m
              [36m>[39m
                [0mFor You[0m
              [36m</a>[39m
            [36m</li>[39m
            [36m<li>[39m
              [36m<a[39m
                [33mhref[39m=[32m"#pricing"[39m
                [33mstyle[39m=[32m"color: rgb(148, 168, 200); 
text-decoration: none; font-size: 0.8rem; font-weight: 600; letter-spacing: 
0.06em; text-transform: uppercase;"[39m
              [36m>[39m
                [0mPricing[0m
              [36m</a>[39m
            [36m</li>[39m
          [36m</ul>[39m
          [36m<div[39m
            [33mstyle[39m=[32m"display: flex; gap: 10px;"[39m
          [36m>[39m
            [36m<button[39m
              [33mstyle[39m=[32m"background: 
linear-gradient(135deg,#e0f2fe 0%,#38bdf8 55%,#2dd4bf 100%); color: rgb(2, 
13, 26); padding: 9px 22px; border-radius: 5px; font-size: 0.82rem; 
font-weight: 800; cursor: pointer; font-family: inherit; box-shadow: 0 0 
20px rgba(34,211,238,0.2);"[39m
            [36m>[39m
              [0mMy Dashboard ΓåÆ[0m
            [36m</button>[39m
            [36m<button[39m
              [33mstyle[39m=[32m"background: transparent; color: rgb(148, 
168, 200); padding: 9px 18px; border-radius: 5px; font-size: 0.82rem; 
font-weight: 600; border: 1px solid rgba(56, 189, 248, 0.1); cursor: 
pointer; font-family: inherit;"[39m
            [36m>[39m
              [0mSign Out[0m
            [36m</button>[39m
          [36m</div>[39m
        [36m</nav>[39m
        [36m<section[39m
          [33mstyle[39m=[32m"min-height: 100vh; display: flex; 
flex-direction: column; align-items: center; justify-content: center; 
text-align: center; padding: 140px 40px 80px; position: relative; overflow: 
hidden; background: rgb(4, 12, 26);"[39m
        [36m>[39m
          [36m<div[39m
            [33mstyle[39m=[32m"position: absolute; inset: 0; background: 
radial-gradient(ellipse 70% 55% at 50% -5%,rgba(34,211,238,.12) 
0%,transparent 65%), radial-gradient(ellipse 50% 40% at 80% 
85%,rgba(45,212,191,.06) 0%,transparent 55%); pointer-events: none;"[39m
          [36m/>[39m
          [36m<div[39m
            [33mstyle[39m=[32m"position: absolute; width: 380px; height: 
380px; border-radius: 50%; border: 1px solid rgba(34, 211, 238, 0.08); 
animation: ring-spin 28s linear infinite; pointer-events: none;"[39m
          [36m>[39m
            [36m<div[39m
              [33mstyle[39m=[32m"position: absolute; width: 6px; height: 
6px; border-radius: 50%; background: rgb(34, 211, 238); top: -3px; left: 
50%; transform: translateX(-50%); box-shadow: 0 0 12px #22d3ee;"[39m
            [36m/>[39m
          [36m</div>[39m
          [36m<div[39m
            [33mstyle[39m=[32m"position: absolute; width: 600px; height: 
600px; border-radius: 50%; border: 1px solid rgba(56, 189, 248, 0.05); 
animation: ring-spin 48s linear infinite reverse; pointer-events: none;"[39m
          [36m>[39m
            [36m<div[39m
              [33mstyle[39m=[32m"position: absolute; width: 6px; height: 
6px; border-radius: 50%; background: rgb(45, 212, 191); top: -3px; left: 
50%; transform: translateX(-50%); box-shadow: 0 0 12px #2dd4bf;"[39m
            [36m/>[39m
          [36m</div>[39m
          [36m<div[39m
            [33mstyle[39m=[32m"position: absolute; width: 860px; height: 
860px; border-radius: 50%; border: 1px solid rgba(56, 189, 248, 0.04); 
animation: ring-spin 68s linear infinite; pointer-events: none;"[39m
          [36m/>[39m
          [36m<div[39m
            [33mstyle[39m=[32m"position: absolute; width: 1120px; height: 
1120px; border-radius: 50%; border: 1px solid rgba(45, 212, 191, 0.04); 
animation: ring-spin 88s linear infinite reverse; pointer-events: none;"[39m
          [36m/>[39m
          [36m<div[39m
            [33mstyle[39m=[32m"font-size: clamp(2rem,5vw,3.2rem); 
font-weight: 800; letter-spacing: -0.04em; margin-bottom: 28px; position: 
relative; background: linear-gradient(135deg,#e0f2fe 0%,#38bdf8 55%,#2dd4bf 
100%); -webkit-text-fill-color: transparent; background-clip: text;"[39m
          [36m>[39m
            [0mFinOrbit[0m
          [36m</div>[39m
          [36m<div[39m
            [33mstyle[39m=[32m"display: inline-flex; align-items: center; 
gap: 8px; background: rgba(34, 211, 238, 0.08); border: 1px solid rgba(34, 
211, 238, 0.22); border-radius: 100px; padding: 6px 18px; font-size: 0.7rem; 
font-family: DM Mono, monospace; color: rgb(34, 211, 238); letter-spacing: 
0.1em; text-transform: uppercase; margin-bottom: 32px; position: 
relative;"[39m
          [36m>[39m
            [36m<span[39m
              [33mstyle[39m=[32m"width: 6px; height: 6px; background: 
rgb(34, 211, 238); border-radius: 50%; animation: pulse-brand 2s ease 
infinite;"[39m
            [36m/>[39m
            [0mAutonomous Financial OS ┬╖ Now in Private Beta[0m
          [36m</div>[39m
          [36m<h1[39m
            [33mstyle[39m=[32m"font-size: clamp(3rem,7vw,6.5rem); 
font-weight: 800; line-height: 1; letter-spacing: -0.04em; max-width: 900px; 
margin: 0px auto 12px; position: relative;"[39m
          [36m>[39m
            [0mYour money,[0m
            [36m<br />[39m
            [36m<span[39m
              [33mstyle[39m=[32m"font-family: Instrument Serif, serif; 
font-style: italic; font-weight: 400; background: 
linear-gradient(135deg,#e0f2fe 0%,#38bdf8 55%,#2dd...

    [0m [90m 214 |[39m   it([32m'clicking My Dashboard navigates to 
/dashboard'[39m[33m,[39m () [33m=>[39m {
     [90m 215 |[39m     render([33m<[39m[33mHome[39m 
[33m/[39m[33m>[39m)
    [31m[1m>[22m[39m[90m 216 |[39m     fireEvent[33m.[39mclick(screen
[33m.[39mgetByRole([32m'button'[39m[33m,[39m { name[33m:[39m 
[35m/my dashboard/i[39m }))
     [90m     |[39m                            [31m[1m^[22m[39m
     [90m 217 |[39m     
expect(mockPush)[33m.[39mtoHaveBeenCalledWith([32m'/dashboard'[39m)
     [90m 218 |[39m   })
     [90m 219 |[39m[0m

      at Object.getElementError 
(node_modules/@testing-library/dom/dist/config.js:37:19)
      at getElementError 
(node_modules/@testing-library/dom/dist/query-helpers.js:20:35)
      at getMultipleElementsFoundError 
(node_modules/@testing-library/dom/dist/query-helpers.js:23:10)
      at node_modules/@testing-library/dom/dist/query-helpers.js:55:13
      at node_modules/@testing-library/dom/dist/query-helpers.js:95:19
      at Object.<anonymous> (src/__tests__/buttons.test.tsx:216:28)

  ΓùÅ Landing page ΓÇö signed in ΓÇ║ hero shows Go to My Dashboard button 
when signed in

    TestingLibraryElementError: Found multiple elements with the role 
"button" and name `/go to my dashboard/i`

    Here are the matching elements:

    Ignored nodes: comments, script, style
    [36m<button[39m
      [33mstyle[39m=[32m"background: linear-gradient(135deg,#e0f2fe 
0%,#38bdf8 55%,#2dd4bf 100%); color: rgb(2, 13, 26); padding: 15px 36px; 
border-radius: 6px; font-size: 0.88rem; font-weight: 800; letter-spacing: 
0.05em; text-transform: uppercase; cursor: pointer; font-family: inherit; 
box-shadow: 0 8px 30px rgba(34,211,238,0.25);"[39m
    [36m>[39m
      [0mGo to My Dashboard ΓåÆ[0m
    [36m</button>[39m

    Ignored nodes: comments, script, style
    [36m<button[39m
      [33mstyle[39m=[32m"background: linear-gradient(135deg,#e0f2fe 
0%,#38bdf8 55%,#2dd4bf 100%); color: rgb(2, 13, 26); padding: 15px 36px; 
border-radius: 6px; font-size: 0.88rem; font-weight: 800; letter-spacing: 
0.05em; text-transform: uppercase; cursor: pointer; font-family: inherit; 
box-shadow: 0 8px 30px rgba(34,211,238,0.25);"[39m
    [36m>[39m
      [0mGo to My Dashboard ΓåÆ[0m
    [36m</button>[39m

    (If this is intentional, then use the `*AllBy*` variant of the query 
(like `queryAllByText`, `getAllByText`, or `findAllByText`)).

    Ignored nodes: comments, script, style
    [36m<body>[39m
      [36m<div>[39m
        [36m<nav[39m
          [33mstyle[39m=[32m"position: fixed; top: 0px; left: 0px; right: 
0px; z-index: 200; display: flex; align-items: center; justify-content: 
space-between; padding: 18px 60px; background: 
linear-gradient(180deg,rgba(3,7,18,.97) 0%,transparent 100%); border-bottom: 
1px solid transparent; transition: all .3s;"[39m
        [36m>[39m
          [36m<div[39m
            [33mstyle[39m=[32m"font-size: 1.3rem; font-weight: 800; 
letter-spacing: -0.02em; background: linear-gradient(135deg,#e0f2fe 
0%,#38bdf8 55%,#2dd4bf 100%); -webkit-text-fill-color: transparent; 
background-clip: text;"[39m
          [36m>[39m
            [0mFinOrbit[0m
          [36m</div>[39m
          [36m<ul[39m
            [33mstyle[39m=[32m"display: flex; gap: 34px; align-items: 
center; list-style: none;"[39m
          [36m>[39m
            [36m<li>[39m
              [36m<a[39m
                [33mhref[39m=[32m"#how"[39m
                [33mstyle[39m=[32m"color: rgb(148, 168, 200); 
text-decoration: none; font-size: 0.8rem; font-weight: 600; letter-spacing: 
0.06em; text-transform: uppercase;"[39m
              [36m>[39m
                [0mHow It Works[0m
              [36m</a>[39m
            [36m</li>[39m
            [36m<li>[39m
              [36m<a[39m
                [33mhref[39m=[32m"#features"[39m
                [33mstyle[39m=[32m"color: rgb(148, 168, 200); 
text-decoration: none; font-size: 0.8rem; font-weight: 600; letter-spacing: 
0.06em; text-transform: uppercase;"[39m
              [36m>[39m
                [0mFeatures[0m
              [36m</a>[39m
            [36m</li>[39m
            [36m<li>[39m
              [36m<a[39m
                [33mhref[39m=[32m"#segments"[39m
                [33mstyle[39m=[32m"color: rgb(148, 168, 200); 
text-decoration: none; font-size: 0.8rem; font-weight: 600; letter-spacing: 
0.06em; text-transform: uppercase;"[39m
              [36m>[39m
                [0mFor You[0m
              [36m</a>[39m
            [36m</li>[39m
            [36m<li>[39m
              [36m<a[39m
                [33mhref[39m=[32m"#pricing"[39m
                [33mstyle[39m=[32m"color: rgb(148, 168, 200); 
text-decoration: none; font-size: 0.8rem; font-weight: 600; letter-spacing: 
0.06em; text-transform: uppercase;"[39m
              [36m>[39m
                [0mPricing[0m
              [36m</a>[39m
            [36m</li>[39m
          [36m</ul>[39m
          [36m<div[39m
            [33mstyle[39m=[32m"display: flex; gap: 10px;"[39m
          [36m>[39m
            [36m<button[39m
              [33mstyle[39m=[32m"background: 
linear-gradient(135deg,#e0f2fe 0%,#38bdf8 55%,#2dd4bf 100%); color: rgb(2, 
13, 26); padding: 9px 22px; border-radius: 5px; font-size: 0.82rem; 
font-weight: 800; cursor: pointer; font-family: inherit; box-shadow: 0 0 
20px rgba(34,211,238,0.2);"[39m
            [36m>[39m
              [0mMy Dashboard ΓåÆ[0m
            [36m</button>[39m
            [36m<button[39m
              [33mstyle[39m=[32m"background: transparent; color: rgb(148, 
168, 200); padding: 9px 18px; border-radius: 5px; font-size: 0.82rem; 
font-weight: 600; border: 1px solid rgba(56, 189, 248, 0.1); cursor: 
pointer; font-family: inherit;"[39m
            [36m>[39m
              [0mSign Out[0m
            [36m</button>[39m
          [36m</div>[39m
        [36m</nav>[39m
        [36m<section[39m
          [33mstyle[39m=[32m"min-height: 100vh; display: flex; 
flex-direction: column; align-items: center; justify-content: center; 
text-align: center; padding: 140px 40px 80px; position: relative; overflow: 
hidden; background: rgb(4, 12, 26);"[39m
        [36m>[39m
          [36m<div[39m
            [33mstyle[39m=[32m"position: absolute; inset: 0; background: 
radial-gradient(ellipse 70% 55% at 50% -5%,rgba(34,211,238,.12) 
0%,transparent 65%), radial-gradient(ellipse 50% 40% at 80% 
85%,rgba(45,212,191,.06) 0%,transparent 55%); pointer-events: none;"[39m
          [36m/>[39m
          [36m<div[39m
            [33mstyle[39m=[32m"position: absolute; width: 380px; height: 
380px; border-radius: 50%; border: 1px solid rgba(34, 211, 238, 0.08); 
animation: ring-spin 28s linear infinite; pointer-events: none;"[39m
          [36m>[39m
            [36m<div[39m
              [33mstyle[39m=[32m"position: absolute; width: 6px; height: 
6px; border-radius: 50%; background: rgb(34, 211, 238); top: -3px; left: 
50%; transform: translateX(-50%); box-shadow: 0 0 12px #22d3ee;"[39m
            [36m/>[39m
          [36m</div>[39m
          [36m<div[39m
            [33mstyle[39m=[32m"position: absolute; width: 600px; height: 
600px; border-radius: 50%; border: 1px solid rgba(56, 189, 248, 0.05); 
animation: ring-spin 48s linear infinite reverse; pointer-events: none;"[39m
          [36m>[39m
            [36m<div[39m
              [33mstyle[39m=[32m"position: absolute; width: 6px; height: 
6px; border-radius: 50%; background: rgb(45, 212, 191); top: -3px; left: 
50%; transform: translateX(-50%); box-shadow: 0 0 12px #2dd4bf;"[39m
            [36m/>[39m
          [36m</div>[39m
          [36m<div[39m
            [33mstyle[39m=[32m"position: absolute; width: 860px; height: 
860px; border-radius: 50%; border: 1px solid rgba(56, 189, 248, 0.04); 
animation: ring-spin 68s linear infinite; pointer-events: none;"[39m
          [36m/>[39m
          [36m<div[39m
            [33mstyle[39m=[32m"position: absolute; width: 1120px; height: 
1120px; border-radius: 50%; border: 1px solid rgba(45, 212, 191, 0.04); 
animation: ring-spin 88s linear infinite reverse; pointer-events: none;"[39m
          [36m/>[39m
          [36m<div[39m
            [33mstyle[39m=[32m"font-size: clamp(2rem,5vw,3.2rem); 
font-weight: 800; letter-spacing: -0.04em; margin-bottom: 28px; position: 
relative; background: linear-gradient(135deg,#e0f2fe 0%,#38bdf8 55%,#2dd4bf 
100%); -webkit-text-fill-color: transparent; background-clip: text;"[39m
          [36m>[39m
            [0mFinOrbit[0m
          [36m</div>[39m
          [36m<div[39m
            [33mstyle[39m=[32m"display: inline-flex; align-items: center; 
gap: 8px; background: rgba(34, 211, 238, 0.08); border: 1px solid rgba(34, 
211, 238, 0.22); border-radius: 100px; padding: 6px 18px; font-size: 0.7rem; 
font-family: DM Mono, monospace; color: rgb(34, 211, 238); letter-spacing: 
0.1em; text-transform: uppercase; margin-bottom: 32px; position: 
relative;"[39m
          [36m>[39m
            [36m<span[39m
              [33mstyle[39m=[32m"width: 6px; height: 6px; background: 
rgb(34, 211, 238); border-radius: 50%; animation: pulse-brand 2s ease 
infinite;"[39m
            [36m/>[39m
            [0mAutonomous Financial OS ┬╖ Now in Private Beta[0m
          [36m</div>[39m
          [36m<h1[39m
            [33mstyle[39m=[32m"font-size: clamp(3rem,7vw,6.5rem); 
font-weight: 800; line-height: 1; letter-spacing: -0.04em; max-width: 900px; 
margin: 0px auto 12px; position: relative;"[39m
          [36m>[39m
            [0mYour money,[0m
            [36m<br />[39m
            [36m<span[39m
              [33mstyle[39m=[32m"font-family: Instrument Serif, serif; 
font-style: italic; font-weight: 400; background: 
linear-gradient(135deg,#e0f2fe 0%,#38bdf8 55%,#2dd...

    [0m [90m 220 |[39m   it([32m'hero shows Go to My Dashboard button 
when signed in'[39m[33m,[39m () [33m=>[39m {
     [90m 221 |[39m     render([33m<[39m[33mHome[39m 
[33m/[39m[33m>[39m)
    [31m[1m>[22m[39m[90m 222 |[39m     
expect(screen[33m.[39mgetByRole([32m'button'[39m[33m,[39m { 
name[33m:[39m [35m/go to my dashboard/i[39m 
}))[33m.[39mtoBeInTheDocument()
     [90m     |[39m                   [31m[1m^[22m[39m
     [90m 223 |[39m   })
     [90m 224 |[39m
     [90m 225 |[39m   it([32m'clicking Go to My Dashboard navigates to 
/dashboard'[39m[33m,[39m () [33m=>[39m {[0m

      at Object.getElementError 
(node_modules/@testing-library/dom/dist/config.js:37:19)
      at getElementError 
(node_modules/@testing-library/dom/dist/query-helpers.js:20:35)
      at getMultipleElementsFoundError 
(node_modules/@testing-library/dom/dist/query-helpers.js:23:10)
      at node_modules/@testing-library/dom/dist/query-helpers.js:55:13
      at node_modules/@testing-library/dom/dist/query-helpers.js:95:19
      at Object.<anonymous> (src/__tests__/buttons.test.tsx:222:19)

  ΓùÅ Landing page ΓÇö signed in ΓÇ║ clicking Go to My Dashboard navigates 
to /dashboard

    TestingLibraryElementError: Found multiple elements with the role 
"button" and name `/go to my dashboard/i`

    Here are the matching elements:

    Ignored nodes: comments, script, style
    [36m<button[39m
      [33mstyle[39m=[32m"background: linear-gradient(135deg,#e0f2fe 
0%,#38bdf8 55%,#2dd4bf 100%); color: rgb(2, 13, 26); padding: 15px 36px; 
border-radius: 6px; font-size: 0.88rem; font-weight: 800; letter-spacing: 
0.05em; text-transform: uppercase; cursor: pointer; font-family: inherit; 
box-shadow: 0 8px 30px rgba(34,211,238,0.25);"[39m
    [36m>[39m
      [0mGo to My Dashboard ΓåÆ[0m
    [36m</button>[39m

    Ignored nodes: comments, script, style
    [36m<button[39m
      [33mstyle[39m=[32m"background: linear-gradient(135deg,#e0f2fe 
0%,#38bdf8 55%,#2dd4bf 100%); color: rgb(2, 13, 26); padding: 15px 36px; 
border-radius: 6px; font-size: 0.88rem; font-weight: 800; letter-spacing: 
0.05em; text-transform: uppercase; cursor: pointer; font-family: inherit; 
box-shadow: 0 8px 30px rgba(34,211,238,0.25);"[39m
    [36m>[39m
      [0mGo to My Dashboard ΓåÆ[0m
    [36m</button>[39m

    (If this is intentional, then use the `*AllBy*` variant of the query 
(like `queryAllByText`, `getAllByText`, or `findAllByText`)).

    Ignored nodes: comments, script, style
    [36m<body>[39m
      [36m<div>[39m
        [36m<nav[39m
          [33mstyle[39m=[32m"position: fixed; top: 0px; left: 0px; right: 
0px; z-index: 200; display: flex; align-items: center; justify-content: 
space-between; padding: 18px 60px; background: 
linear-gradient(180deg,rgba(3,7,18,.97) 0%,transparent 100%); border-bottom: 
1px solid transparent; transition: all .3s;"[39m
        [36m>[39m
          [36m<div[39m
            [33mstyle[39m=[32m"font-size: 1.3rem; font-weight: 800; 
letter-spacing: -0.02em; background: linear-gradient(135deg,#e0f2fe 
0%,#38bdf8 55%,#2dd4bf 100%); -webkit-text-fill-color: transparent; 
background-clip: text;"[39m
          [36m>[39m
            [0mFinOrbit[0m
          [36m</div>[39m
          [36m<ul[39m
            [33mstyle[39m=[32m"display: flex; gap: 34px; align-items: 
center; list-style: none;"[39m
          [36m>[39m
            [36m<li>[39m
              [36m<a[39m
                [33mhref[39m=[32m"#how"[39m
                [33mstyle[39m=[32m"color: rgb(148, 168, 200); 
text-decoration: none; font-size: 0.8rem; font-weight: 600; letter-spacing: 
0.06em; text-transform: uppercase;"[39m
              [36m>[39m
                [0mHow It Works[0m
              [36m</a>[39m
            [36m</li>[39m
            [36m<li>[39m
              [36m<a[39m
                [33mhref[39m=[32m"#features"[39m
                [33mstyle[39m=[32m"color: rgb(148, 168, 200); 
text-decoration: none; font-size: 0.8rem; font-weight: 600; letter-spacing: 
0.06em; text-transform: uppercase;"[39m
              [36m>[39m
                [0mFeatures[0m
              [36m</a>[39m
            [36m</li>[39m
            [36m<li>[39m
              [36m<a[39m
                [33mhref[39m=[32m"#segments"[39m
                [33mstyle[39m=[32m"color: rgb(148, 168, 200); 
text-decoration: none; font-size: 0.8rem; font-weight: 600; letter-spacing: 
0.06em; text-transform: uppercase;"[39m
              [36m>[39m
                [0mFor You[0m
              [36m</a>[39m
            [36m</li>[39m
            [36m<li>[39m
              [36m<a[39m
                [33mhref[39m=[32m"#pricing"[39m
                [33mstyle[39m=[32m"color: rgb(148, 168, 200); 
text-decoration: none; font-size: 0.8rem; font-weight: 600; letter-spacing: 
0.06em; text-transform: uppercase;"[39m
              [36m>[39m
                [0mPricing[0m
              [36m</a>[39m
            [36m</li>[39m
          [36m</ul>[39m
          [36m<div[39m
            [33mstyle[39m=[32m"display: flex; gap: 10px;"[39m
          [36m>[39m
            [36m<button[39m
              [33mstyle[39m=[32m"background: 
linear-gradient(135deg,#e0f2fe 0%,#38bdf8 55%,#2dd4bf 100%); color: rgb(2, 
13, 26); padding: 9px 22px; border-radius: 5px; font-size: 0.82rem; 
font-weight: 800; cursor: pointer; font-family: inherit; box-shadow: 0 0 
20px rgba(34,211,238,0.2);"[39m
            [36m>[39m
              [0mMy Dashboard ΓåÆ[0m
            [36m</button>[39m
            [36m<button[39m
              [33mstyle[39m=[32m"background: transparent; color: rgb(148, 
168, 200); padding: 9px 18px; border-radius: 5px; font-size: 0.82rem; 
font-weight: 600; border: 1px solid rgba(56, 189, 248, 0.1); cursor: 
pointer; font-family: inherit;"[39m
            [36m>[39m
              [0mSign Out[0m
            [36m</button>[39m
          [36m</div>[39m
        [36m</nav>[39m
        [36m<section[39m
          [33mstyle[39m=[32m"min-height: 100vh; display: flex; 
flex-direction: column; align-items: center; justify-content: center; 
text-align: center; padding: 140px 40px 80px; position: relative; overflow: 
hidden; background: rgb(4, 12, 26);"[39m
        [36m>[39m
          [36m<div[39m
            [33mstyle[39m=[32m"position: absolute; inset: 0; background: 
radial-gradient(ellipse 70% 55% at 50% -5%,rgba(34,211,238,.12) 
0%,transparent 65%), radial-gradient(ellipse 50% 40% at 80% 
85%,rgba(45,212,191,.06) 0%,transparent 55%); pointer-events: none;"[39m
          [36m/>[39m
          [36m<div[39m
            [33mstyle[39m=[32m"position: absolute; width: 380px; height: 
380px; border-radius: 50%; border: 1px solid rgba(34, 211, 238, 0.08); 
animation: ring-spin 28s linear infinite; pointer-events: none;"[39m
          [36m>[39m
            [36m<div[39m
              [33mstyle[39m=[32m"position: absolute; width: 6px; height: 
6px; border-radius: 50%; background: rgb(34, 211, 238); top: -3px; left: 
50%; transform: translateX(-50%); box-shadow: 0 0 12px #22d3ee;"[39m
            [36m/>[39m
          [36m</div>[39m
          [36m<div[39m
            [33mstyle[39m=[32m"position: absolute; width: 600px; height: 
600px; border-radius: 50%; border: 1px solid rgba(56, 189, 248, 0.05); 
animation: ring-spin 48s linear infinite reverse; pointer-events: none;"[39m
          [36m>[39m
            [36m<div[39m
              [33mstyle[39m=[32m"position: absolute; width: 6px; height: 
6px; border-radius: 50%; background: rgb(45, 212, 191); top: -3px; left: 
50%; transform: translateX(-50%); box-shadow: 0 0 12px #2dd4bf;"[39m
            [36m/>[39m
          [36m</div>[39m
          [36m<div[39m
            [33mstyle[39m=[32m"position: absolute; width: 860px; height: 
860px; border-radius: 50%; border: 1px solid rgba(56, 189, 248, 0.04); 
animation: ring-spin 68s linear infinite; pointer-events: none;"[39m
          [36m/>[39m
          [36m<div[39m
            [33mstyle[39m=[32m"position: absolute; width: 1120px; height: 
1120px; border-radius: 50%; border: 1px solid rgba(45, 212, 191, 0.04); 
animation: ring-spin 88s linear infinite reverse; pointer-events: none;"[39m
          [36m/>[39m
          [36m<div[39m
            [33mstyle[39m=[32m"font-size: clamp(2rem,5vw,3.2rem); 
font-weight: 800; letter-spacing: -0.04em; margin-bottom: 28px; position: 
relative; background: linear-gradient(135deg,#e0f2fe 0%,#38bdf8 55%,#2dd4bf 
100%); -webkit-text-fill-color: transparent; background-clip: text;"[39m
          [36m>[39m
            [0mFinOrbit[0m
          [36m</div>[39m
          [36m<div[39m
            [33mstyle[39m=[32m"display: inline-flex; align-items: center; 
gap: 8px; background: rgba(34, 211, 238, 0.08); border: 1px solid rgba(34, 
211, 238, 0.22); border-radius: 100px; padding: 6px 18px; font-size: 0.7rem; 
font-family: DM Mono, monospace; color: rgb(34, 211, 238); letter-spacing: 
0.1em; text-transform: uppercase; margin-bottom: 32px; position: 
relative;"[39m
          [36m>[39m
            [36m<span[39m
              [33mstyle[39m=[32m"width: 6px; height: 6px; background: 
rgb(34, 211, 238); border-radius: 50%; animation: pulse-brand 2s ease 
infinite;"[39m
            [36m/>[39m
            [0mAutonomous Financial OS ┬╖ Now in Private Beta[0m
          [36m</div>[39m
          [36m<h1[39m
            [33mstyle[39m=[32m"font-size: clamp(3rem,7vw,6.5rem); 
font-weight: 800; line-height: 1; letter-spacing: -0.04em; max-width: 900px; 
margin: 0px auto 12px; position: relative;"[39m
          [36m>[39m
            [0mYour money,[0m
            [36m<br />[39m
            [36m<span[39m
              [33mstyle[39m=[32m"font-family: Instrument Serif, serif; 
font-style: italic; font-weight: 400; background: 
linear-gradient(135deg,#e0f2fe 0%,#38bdf8 55%,#2dd...

    [0m [90m 225 |[39m   it([32m'clicking Go to My Dashboard navigates 
to /dashboard'[39m[33m,[39m () [33m=>[39m {
     [90m 226 |[39m     render([33m<[39m[33mHome[39m 
[33m/[39m[33m>[39m)
    [31m[1m>[22m[39m[90m 227 |[39m     fireEvent[33m.[39mclick(screen
[33m.[39mgetByRole([32m'button'[39m[33m,[39m { name[33m:[39m 
[35m/go to my dashboard/i[39m }))
     [90m     |[39m                            [31m[1m^[22m[39m
     [90m 228 |[39m     
expect(mockPush)[33m.[39mtoHaveBeenCalledWith([32m'/dashboard'[39m)
     [90m 229 |[39m   })
     [90m 230 |[39m[0m

      at Object.getElementError 
(node_modules/@testing-library/dom/dist/config.js:37:19)
      at getElementError 
(node_modules/@testing-library/dom/dist/query-helpers.js:20:35)
      at getMultipleElementsFoundError 
(node_modules/@testing-library/dom/dist/query-helpers.js:23:10)
      at node_modules/@testing-library/dom/dist/query-helpers.js:55:13
      at node_modules/@testing-library/dom/dist/query-helpers.js:95:19
      at Object.<anonymous> (src/__tests__/buttons.test.tsx:227:28)

  ΓùÅ AuthModal ΓÇö sign in tab ΓÇ║ renders sign in form by default

    TestingLibraryElementError: Found multiple elements with the role 
"button" and name `/sign in/i`

    Here are the matching elements:

    Ignored nodes: comments, script, style
    [36m<button[39m
      [33mstyle[39m=[32m"flex: 1 1 0%; padding: 9px 0px; border-radius: 
6px; font-size: 0.82rem; font-weight: 700; cursor: pointer; font-family: 
inherit; background: rgb(22, 42, 74); color: rgb(238, 242, 252); transition: 
all .2s;"[39m
    [36m>[39m
      [0mSign In[0m
    [36m</button>[39m

    Ignored nodes: comments, script, style
    [36m<button[39m
      [33mstyle[39m=[32m"width: 100%; padding: 14px; border-radius: 8px; 
font-size: 0.88rem; font-weight: 800; letter-spacing: 0.04em; 
text-transform: uppercase; cursor: pointer; background: 
linear-gradient(135deg,#38bdf8,#2dd4bf); color: rgb(2, 13, 26); font-family: 
inherit; opacity: 1;"[39m
    [36m>[39m
      [0mSign In ΓåÆ[0m
    [36m</button>[39m

    (If this is intentional, then use the `*AllBy*` variant of the query 
(like `queryAllByText`, `getAllByText`, or `findAllByText`)).

    Ignored nodes: comments, script, style
    [36m<body>[39m
      [36m<div>[39m
        [36m<div[39m
          [33mstyle[39m=[32m"position: fixed; inset: 0; z-index: 500; 
display: flex; align-items: center; justify-content: center; padding: 24px; 
background: rgba(3, 7, 18, 0.85);"[39m
        [36m>[39m
          [36m<div[39m
            [33mstyle[39m=[32m"position: relative; width: 100%; 
max-width: 440px; background: rgb(17, 34, 64); border: 1px solid rgba(56, 
189, 248, 0.15); border-radius: 20px; box-shadow: 0 40px 100px 
rgba(0,0,0,0.6);"[39m
          [36m>[39m
            [36m<button[39m
              [33mstyle[39m=[32m"position: absolute; top: 16px; right: 
16px; width: 30px; height: 30px; border-radius: 50%; background: rgba(56, 
189, 248, 0.06); color: rgb(148, 168, 200); font-size: 1rem; cursor: 
pointer; display: flex; align-items: center; justify-content: center; 
font-family: inherit;"[39m
            [36m>[39m
              [0mΓ£ò[0m
            [36m</button>[39m
            [36m<div[39m
              [33mstyle[39m=[32m"padding: 40px 36px 36px;"[39m
            [36m>[39m
              [36m<div[39m
                [33mstyle[39m=[32m"text-align: center; font-size: 1.5rem; 
font-weight: 800; margin-bottom: 24px; background: 
linear-gradient(135deg,#e0f2fe,#38bdf8,#2dd4bf); -webkit-text-fill-color: 
transparent;"[39m
              [36m>[39m
                [0mFinOrbit[0m
              [36m</div>[39m
              [36m<div[39m
                [33mstyle[39m=[32m"display: flex; background: rgba(56, 
189, 248, 0.06); border-radius: 8px; padding: 3px; margin-bottom: 28px;"[39m
              [36m>[39m
                [36m<button[39m
                  [33mstyle[39m=[32m"flex: 1 1 0%; padding: 9px 0px; 
border-radius: 6px; font-size: 0.82rem; font-weight: 700; cursor: pointer; 
font-family: inherit; background: rgb(22, 42, 74); color: rgb(238, 242, 
252); transition: all .2s;"[39m
                [36m>[39m
                  [0mSign In[0m
                [36m</button>[39m
                [36m<button[39m
                  [33mstyle[39m=[32m"flex: 1 1 0%; padding: 9px 0px; 
border-radius: 6px; font-size: 0.82rem; font-weight: 700; cursor: pointer; 
font-family: inherit; background: transparent; color: rgb(148, 168, 200); 
transition: all .2s;"[39m
                [36m>[39m
                  [0mCreate Account[0m
                [36m</button>[39m
              [36m</div>[39m
              [36m<div>[39m
                [36m<label[39m
                  [33mstyle[39m=[32m"display: block; font-size: 0.72rem; 
font-family: DM Mono, monospace; color: rgb(148, 168, 200); text-transform: 
uppercase; letter-spacing: 0.1em; margin-bottom: 6px;"[39m
                [36m>[39m
                  [0mEmail[0m
                [36m</label>[39m
                [36m<input[39m
                  [33mplaceholder[39m=[32m"you@example.com"[39m
                  [33mstyle[39m=[32m"width: 100%; background: rgb(8, 21, 
40); border: 1px solid rgba(56, 189, 248, 0.15); border-radius: 8px; 
padding: 13px 15px; color: rgb(238, 242, 252); font-size: 0.88rem; outline: 
none; margin-bottom: 14px; font-family: inherit;"[39m
                  [33mtype[39m=[32m"email"[39m
                  [33mvalue[39m=[32m""[39m
                [36m/>[39m
                [36m<label[39m
                  [33mstyle[39m=[32m"display: block; font-size: 0.72rem; 
font-family: DM Mono, monospace; color: rgb(148, 168, 200); text-transform: 
uppercase; letter-spacing: 0.1em; margin-bottom: 6px;"[39m
                [36m>[39m
                  [0mPassword[0m
                [36m</label>[39m
                [36m<div[39m
                  [33mstyle[39m=[32m"position: relative; margin-bottom: 
14px;"[39m
                [36m>[39m
                  [36m<input[39m
                    [33mplaceholder[39m=[32m"Enter your password"[39m
                    [33mstyle[39m=[32m"width: 100%; background: rgb(8, 
21, 40); border: 1px solid rgba(56, 189, 248, 0.15); border-radius: 8px; 
padding: 13px 46px 13px 15px; color: rgb(238, 242, 252); font-size: 0.88rem; 
outline: none; margin-bottom: 0px; font-family: inherit;"[39m
                    [33mtype[39m=[32m"password"[39m
                    [33mvalue[39m=[32m""[39m
                  [36m/>[39m
                  [36m<button[39m
                    [33mstyle[39m=[32m"position: absolute; right: 14px; 
top: 50%; transform: translateY(-50%); background: none; cursor: pointer; 
color: rgb(82, 100, 128); font-size: 0.85rem;"[39m
                  [36m>[39m
                    [0m≡ƒæü[0m
                  [36m</button>[39m
                [36m</div>[39m
                [36m<div[39m
                  [33mstyle[39m=[32m"display: flex; align-items: center; 
justify-content: space-between; margin-bottom: 20px;"[39m
                [36m>[39m
                  [36m<label[39m
                    [33mstyle[39m=[32m"display: flex; align-items: 
center; gap: 8px; font-size: 0.78rem; color: rgb(148, 168, 200); cursor: 
pointer;"[39m
                  [36m>[39m
                    [36m<input[39m
                      [33mchecked[39m=[32m""[39m
                      [33mstyle[39m=[32m"accent-color: #22d3ee;"[39m
                      [33mtype[39m=[32m"checkbox"[39m
                    [36m/>[39m
                    [0m Remember me[0m
                  [36m</label>[39m
                  [36m<button[39m
                    [33mstyle[39m=[32m"font-size: 0.78rem; color: rgb(34, 
211, 238); background: none; cursor: pointer; font-family: inherit;"[39m
                  [36m>[39m
                    [0mForgot password?[0m
                  [36m</button>[39m
                [36m</div>[39m
                [36m<button[39m
                  [33mstyle[39m=[32m"width: 100%; padding: 14px; 
border-radius: 8px; font-size: 0.88rem; font-weight: 800; letter-spacing: 
0.04em; text-transform: uppercase; cursor: pointer; background: 
linear-gradient(135deg,#38bdf8,#2dd4bf); color: rgb(2, 13, 26); font-family: 
inherit; opacity: 1;"[39m
                [36m>[39m
                  [0mSign In ΓåÆ[0m
                [36m</button>[39m
                [36m<div[39m
                  [33mstyle[39m=[32m"display: flex; align-items: center; 
gap: 12px; margin: 20px 0px; font-size: 0.72rem; font-family: DM Mono, 
monospace; color: rgb(82, 100, 128);"[39m
                [36m>[39m
                  [36m<div[39m
                    [33mstyle[39m=[32m"flex: 1 1 0%; height: 1px; 
background: rgba(56, 189, 248, 0.1);"[39m
                  [36m/>[39m
                  [0m or continue with [0m
                  [36m<div[39m
                    [33mstyle[39m=[32m"flex: 1 1 0%; height: 1px; 
background: rgba(56, 189, 248, 0.1);"[39m
                  [36m/>[39m
                [36m</div>[39m
                [36m<div[39m
                  [33mstyle[39m=[32m"display: grid; 
grid-template-columns: 1fr 1fr; gap: 10px;"[39m
                [36m>[39m
                  [36m<button[39m
                    [33mstyle[39m=[32m"padding: 11px; border-radius: 8px; 
font-size: 0.8rem; font-weight: 600; background: rgb(8, 21, 40); border: 1px 
solid rgba(56, 189, 248, 0.1); color: rgb(238, 242, 252); cursor: pointer; 
font-family: inherit;"[39m
                  [36m>[39m
                    [0m≡ƒîÉ Google[0m
                  [36m</button>[39m
                  [36m<button[39m
                    [33mstyle[39m=[32m"padding: 11px; border-radius: 8px; 
font-size: 0.8rem; font-weight: 600; background: rgb(8, 21, 40); border: 1px 
solid rgba(56, 189, 248, 0.1); color: rgb(238, 242, 252); cursor: pointer; 
font-family: inherit;"[39m
                  [36m>[39m
                    [0m≡ƒìÄ Apple[0m
                  [36m</button>[39m
                [36m</div>[39m
                [36m<p[39m
                  [33mstyle[39m=[32m"text-align: center; font-size: 
0.8rem; color: rgb(148, 168, 200); margin-top: 20px;"[39m
                [36m>[39m
                  [0mDon't have an account?[0m
                  [0m [0m
                  [36m<span[39m
                    [33mstyle[39m=[32m"color: rgb(34, 211, 238); cursor: 
pointer; font-weight: 700;"[39m
                  [36m>[39m
                    [0mCreate one ΓåÆ[0m
                  [36m</span>[39m
                [36m</p>[39m
              [36m</div>[39m
            [36m</div>[39m
          [36m</div>[39m
        [36m</div>[39m
      [36m</div>[39m
    [36m</body>[39m

    [0m [90m 306 |[39m     render([33m<[39m[33mAuthModal[39m 
isOpen[33m=[39m{[36mtrue[39m} onClose[33m=[39m{onClose} 
defaultTab[33m=[39m[32m"signin"[39m [33m/[39m[33m>[39m)
     [90m 307 |[39m     expect(screen[33m.[39mgetByPlaceholderText([35m/
you@example.com/i[39m))[33m.[39mtoBeInTheDocument()
    [31m[1m>[22m[39m[90m 308 |[39m     
expect(screen[33m.[39mgetByRole([32m'button'[39m[33m,[39m { 
name[33m:[39m [35m/sign in/i[39m }))[33m.[39mtoBeInTheDocument()
     [90m     |[39m                   [31m[1m^[22m[39m
     [90m 309 |[39m   })
     [90m 310 |[39m
     [90m 311 |[39m   it([32m'switches to signup tab when Create Account 
is clicked'[39m[33m,[39m () [33m=>[39m {[0m

      at Object.getElementError 
(node_modules/@testing-library/dom/dist/config.js:37:19)
      at getElementError 
(node_modules/@testing-library/dom/dist/query-helpers.js:20:35)
      at getMultipleElementsFoundError 
(node_modules/@testing-library/dom/dist/query-helpers.js:23:10)
      at node_modules/@testing-library/dom/dist/query-helpers.js:55:13
      at node_modules/@testing-library/dom/dist/query-helpers.js:95:19
      at Object.<anonymous> (src/__tests__/buttons.test.tsx:308:19)

Test Suites: 1 failed, 1 total
Tests:       15 failed, 26 passed, 41 total
Snapshots:   0 total
Time:        3.397 s, estimated 4 s
Ran all test suites matching buttons.test.tsx.
